ARM GAS  C:\Users\KRISTE~1\AppData\Local\Temp\cchIC4Lg.s 			page 1


   1              		.syntax unified
   2              		.cpu cortex-m3
   3              		.fpu softvfp
   4              		.eabi_attribute 20, 1
   5              		.eabi_attribute 21, 1
   6              		.eabi_attribute 23, 3
   7              		.eabi_attribute 24, 1
   8              		.eabi_attribute 25, 1
   9              		.eabi_attribute 26, 1
  10              		.eabi_attribute 30, 1
  11              		.eabi_attribute 34, 1
  12              		.eabi_attribute 18, 4
  13              		.thumb
  14              		.syntax unified
  15              		.file	"cyfitter_cfg.c"
  16              		.text
  17              	.Ltext0:
  18              		.cfi_sections	.debug_frame
  19              		.section	.text.CyClockStartupError,"ax",%progbits
  20              		.align	2
  21              		.thumb
  22              		.thumb_func
  23              		.type	CyClockStartupError, %function
  24              	CyClockStartupError:
  25              	.LFB3:
  26              		.file 1 "Generated_Source\\PSoC5\\cyfitter_cfg.c"
   1:Generated_Source\PSoC5/cyfitter_cfg.c **** 
   2:Generated_Source\PSoC5/cyfitter_cfg.c **** /*******************************************************************************
   3:Generated_Source\PSoC5/cyfitter_cfg.c **** * File Name: cyfitter_cfg.c
   4:Generated_Source\PSoC5/cyfitter_cfg.c **** * 
   5:Generated_Source\PSoC5/cyfitter_cfg.c **** * PSoC Creator  4.4
   6:Generated_Source\PSoC5/cyfitter_cfg.c **** *
   7:Generated_Source\PSoC5/cyfitter_cfg.c **** * Description:
   8:Generated_Source\PSoC5/cyfitter_cfg.c **** * This file contains device initialization code.
   9:Generated_Source\PSoC5/cyfitter_cfg.c **** * Except for the user defined sections in CyClockStartupError(), this file should not be modified.
  10:Generated_Source\PSoC5/cyfitter_cfg.c **** * This file is automatically generated by PSoC Creator.
  11:Generated_Source\PSoC5/cyfitter_cfg.c **** *
  12:Generated_Source\PSoC5/cyfitter_cfg.c **** ********************************************************************************
  13:Generated_Source\PSoC5/cyfitter_cfg.c **** * Copyright (c) 2007-2020 Cypress Semiconductor.  All rights reserved.
  14:Generated_Source\PSoC5/cyfitter_cfg.c **** * You may use this file only in accordance with the license, terms, conditions, 
  15:Generated_Source\PSoC5/cyfitter_cfg.c **** * disclaimers, and limitations in the end user license agreement accompanying 
  16:Generated_Source\PSoC5/cyfitter_cfg.c **** * the software package with which this file was provided.
  17:Generated_Source\PSoC5/cyfitter_cfg.c **** ********************************************************************************/
  18:Generated_Source\PSoC5/cyfitter_cfg.c **** 
  19:Generated_Source\PSoC5/cyfitter_cfg.c **** #include <string.h>
  20:Generated_Source\PSoC5/cyfitter_cfg.c **** #include "cytypes.h"
  21:Generated_Source\PSoC5/cyfitter_cfg.c **** #include "cydevice_trm.h"
  22:Generated_Source\PSoC5/cyfitter_cfg.c **** #include "cyfitter.h"
  23:Generated_Source\PSoC5/cyfitter_cfg.c **** #include "CyLib.h"
  24:Generated_Source\PSoC5/cyfitter_cfg.c **** #include "cyfitter_cfg.h"
  25:Generated_Source\PSoC5/cyfitter_cfg.c **** #include "cyapicallbacks.h"
  26:Generated_Source\PSoC5/cyfitter_cfg.c **** 
  27:Generated_Source\PSoC5/cyfitter_cfg.c **** #define CY_NEED_CYCLOCKSTARTUPERROR 1
  28:Generated_Source\PSoC5/cyfitter_cfg.c **** 
  29:Generated_Source\PSoC5/cyfitter_cfg.c **** 
  30:Generated_Source\PSoC5/cyfitter_cfg.c **** #if defined(__GNUC__) || defined(__ARMCC_VERSION)
  31:Generated_Source\PSoC5/cyfitter_cfg.c ****     #define CYPACKED 
ARM GAS  C:\Users\KRISTE~1\AppData\Local\Temp\cchIC4Lg.s 			page 2


  32:Generated_Source\PSoC5/cyfitter_cfg.c ****     #define CYPACKED_ATTR __attribute__ ((packed))
  33:Generated_Source\PSoC5/cyfitter_cfg.c ****     #define CYALIGNED __attribute__ ((aligned))
  34:Generated_Source\PSoC5/cyfitter_cfg.c ****     #define CY_CFG_UNUSED __attribute__ ((unused))
  35:Generated_Source\PSoC5/cyfitter_cfg.c ****     #ifndef CY_CFG_SECTION
  36:Generated_Source\PSoC5/cyfitter_cfg.c ****         #define CY_CFG_SECTION __attribute__ ((section(".psocinit")))
  37:Generated_Source\PSoC5/cyfitter_cfg.c ****     #endif
  38:Generated_Source\PSoC5/cyfitter_cfg.c ****     
  39:Generated_Source\PSoC5/cyfitter_cfg.c ****     #if defined(__ARMCC_VERSION)
  40:Generated_Source\PSoC5/cyfitter_cfg.c ****         #define CY_CFG_MEMORY_BARRIER() __memory_changed()
  41:Generated_Source\PSoC5/cyfitter_cfg.c ****     #else
  42:Generated_Source\PSoC5/cyfitter_cfg.c ****         #define CY_CFG_MEMORY_BARRIER() __sync_synchronize()
  43:Generated_Source\PSoC5/cyfitter_cfg.c ****     #endif
  44:Generated_Source\PSoC5/cyfitter_cfg.c ****     
  45:Generated_Source\PSoC5/cyfitter_cfg.c **** #elif defined(__ICCARM__)
  46:Generated_Source\PSoC5/cyfitter_cfg.c ****     #include <intrinsics.h>
  47:Generated_Source\PSoC5/cyfitter_cfg.c **** 
  48:Generated_Source\PSoC5/cyfitter_cfg.c ****     #define CYPACKED __packed
  49:Generated_Source\PSoC5/cyfitter_cfg.c ****     #define CYPACKED_ATTR 
  50:Generated_Source\PSoC5/cyfitter_cfg.c ****     #define CYALIGNED _Pragma("data_alignment=4")
  51:Generated_Source\PSoC5/cyfitter_cfg.c ****     #define CY_CFG_UNUSED _Pragma("diag_suppress=Pe177")
  52:Generated_Source\PSoC5/cyfitter_cfg.c ****     #define CY_CFG_SECTION _Pragma("location=\".psocinit\"")
  53:Generated_Source\PSoC5/cyfitter_cfg.c ****     
  54:Generated_Source\PSoC5/cyfitter_cfg.c ****     #define CY_CFG_MEMORY_BARRIER() __DMB()
  55:Generated_Source\PSoC5/cyfitter_cfg.c ****     
  56:Generated_Source\PSoC5/cyfitter_cfg.c **** #else
  57:Generated_Source\PSoC5/cyfitter_cfg.c ****     #error Unsupported toolchain
  58:Generated_Source\PSoC5/cyfitter_cfg.c **** #endif
  59:Generated_Source\PSoC5/cyfitter_cfg.c **** 
  60:Generated_Source\PSoC5/cyfitter_cfg.c **** #ifndef CYCODE
  61:Generated_Source\PSoC5/cyfitter_cfg.c ****     #define CYCODE
  62:Generated_Source\PSoC5/cyfitter_cfg.c **** #endif
  63:Generated_Source\PSoC5/cyfitter_cfg.c **** #ifndef CYDATA
  64:Generated_Source\PSoC5/cyfitter_cfg.c ****     #define CYDATA
  65:Generated_Source\PSoC5/cyfitter_cfg.c **** #endif
  66:Generated_Source\PSoC5/cyfitter_cfg.c **** #ifndef CYFAR
  67:Generated_Source\PSoC5/cyfitter_cfg.c ****     #define CYFAR
  68:Generated_Source\PSoC5/cyfitter_cfg.c **** #endif
  69:Generated_Source\PSoC5/cyfitter_cfg.c **** #ifndef CYXDATA
  70:Generated_Source\PSoC5/cyfitter_cfg.c ****     #define CYXDATA
  71:Generated_Source\PSoC5/cyfitter_cfg.c **** #endif
  72:Generated_Source\PSoC5/cyfitter_cfg.c **** 
  73:Generated_Source\PSoC5/cyfitter_cfg.c **** 
  74:Generated_Source\PSoC5/cyfitter_cfg.c **** CY_CFG_UNUSED
  75:Generated_Source\PSoC5/cyfitter_cfg.c **** static void CYMEMZERO(void *s, size_t n);
  76:Generated_Source\PSoC5/cyfitter_cfg.c **** CY_CFG_UNUSED
  77:Generated_Source\PSoC5/cyfitter_cfg.c **** static void CYMEMZERO(void *s, size_t n)
  78:Generated_Source\PSoC5/cyfitter_cfg.c **** {
  79:Generated_Source\PSoC5/cyfitter_cfg.c **** 	(void)memset(s, 0, n);
  80:Generated_Source\PSoC5/cyfitter_cfg.c **** }
  81:Generated_Source\PSoC5/cyfitter_cfg.c **** CY_CFG_UNUSED
  82:Generated_Source\PSoC5/cyfitter_cfg.c **** static void CYCONFIGCPY(void *dest, const void *src, size_t n);
  83:Generated_Source\PSoC5/cyfitter_cfg.c **** CY_CFG_UNUSED
  84:Generated_Source\PSoC5/cyfitter_cfg.c **** static void CYCONFIGCPY(void *dest, const void *src, size_t n)
  85:Generated_Source\PSoC5/cyfitter_cfg.c **** {
  86:Generated_Source\PSoC5/cyfitter_cfg.c **** 	(void)memcpy(dest, src, n);
  87:Generated_Source\PSoC5/cyfitter_cfg.c **** }
  88:Generated_Source\PSoC5/cyfitter_cfg.c **** CY_CFG_UNUSED
ARM GAS  C:\Users\KRISTE~1\AppData\Local\Temp\cchIC4Lg.s 			page 3


  89:Generated_Source\PSoC5/cyfitter_cfg.c **** static void CYCONFIGCPYCODE(void *dest, const void *src, size_t n);
  90:Generated_Source\PSoC5/cyfitter_cfg.c **** CY_CFG_UNUSED
  91:Generated_Source\PSoC5/cyfitter_cfg.c **** static void CYCONFIGCPYCODE(void *dest, const void *src, size_t n)
  92:Generated_Source\PSoC5/cyfitter_cfg.c **** {
  93:Generated_Source\PSoC5/cyfitter_cfg.c **** 	(void)memcpy(dest, src, n);
  94:Generated_Source\PSoC5/cyfitter_cfg.c **** }
  95:Generated_Source\PSoC5/cyfitter_cfg.c **** 
  96:Generated_Source\PSoC5/cyfitter_cfg.c **** 
  97:Generated_Source\PSoC5/cyfitter_cfg.c **** 
  98:Generated_Source\PSoC5/cyfitter_cfg.c **** 
  99:Generated_Source\PSoC5/cyfitter_cfg.c **** /* Clock startup error codes                                                   */
 100:Generated_Source\PSoC5/cyfitter_cfg.c **** #define CYCLOCKSTART_NO_ERROR    0u
 101:Generated_Source\PSoC5/cyfitter_cfg.c **** #define CYCLOCKSTART_XTAL_ERROR  1u
 102:Generated_Source\PSoC5/cyfitter_cfg.c **** #define CYCLOCKSTART_32KHZ_ERROR 2u
 103:Generated_Source\PSoC5/cyfitter_cfg.c **** #define CYCLOCKSTART_PLL_ERROR   3u
 104:Generated_Source\PSoC5/cyfitter_cfg.c **** #define CYCLOCKSTART_FLL_ERROR   4u
 105:Generated_Source\PSoC5/cyfitter_cfg.c **** #define CYCLOCKSTART_WCO_ERROR   5u
 106:Generated_Source\PSoC5/cyfitter_cfg.c **** 
 107:Generated_Source\PSoC5/cyfitter_cfg.c **** 
 108:Generated_Source\PSoC5/cyfitter_cfg.c **** #ifdef CY_NEED_CYCLOCKSTARTUPERROR
 109:Generated_Source\PSoC5/cyfitter_cfg.c **** /*******************************************************************************
 110:Generated_Source\PSoC5/cyfitter_cfg.c **** * Function Name: CyClockStartupError
 111:Generated_Source\PSoC5/cyfitter_cfg.c **** ********************************************************************************
 112:Generated_Source\PSoC5/cyfitter_cfg.c **** * Summary:
 113:Generated_Source\PSoC5/cyfitter_cfg.c **** *  If an error is encountered during clock configuration (crystal startup error,
 114:Generated_Source\PSoC5/cyfitter_cfg.c **** *  PLL lock error, etc.), the system will end up here.  Unless reimplemented by
 115:Generated_Source\PSoC5/cyfitter_cfg.c **** *  the customer, this function will stop in an infinite loop.
 116:Generated_Source\PSoC5/cyfitter_cfg.c **** *
 117:Generated_Source\PSoC5/cyfitter_cfg.c **** * Parameters:
 118:Generated_Source\PSoC5/cyfitter_cfg.c **** *   void
 119:Generated_Source\PSoC5/cyfitter_cfg.c **** *
 120:Generated_Source\PSoC5/cyfitter_cfg.c **** * Return:
 121:Generated_Source\PSoC5/cyfitter_cfg.c **** *   void
 122:Generated_Source\PSoC5/cyfitter_cfg.c **** *
 123:Generated_Source\PSoC5/cyfitter_cfg.c **** *******************************************************************************/
 124:Generated_Source\PSoC5/cyfitter_cfg.c **** CY_CFG_UNUSED
 125:Generated_Source\PSoC5/cyfitter_cfg.c **** static void CyClockStartupError(uint8 errorCode);
 126:Generated_Source\PSoC5/cyfitter_cfg.c **** CY_CFG_UNUSED
 127:Generated_Source\PSoC5/cyfitter_cfg.c **** static void CyClockStartupError(uint8 errorCode)
 128:Generated_Source\PSoC5/cyfitter_cfg.c **** {
  27              		.loc 1 128 0
  28              		.cfi_startproc
  29              		@ Volatile: function does not return.
  30              		@ args = 0, pretend = 0, frame = 0
  31              		@ frame_needed = 0, uses_anonymous_args = 0
  32              		@ link register save eliminated.
  33              	.LVL0:
  34              	.L2:
  35 0000 FEE7     		b	.L2
  36              		.cfi_endproc
  37              	.LFE3:
  38              		.size	CyClockStartupError, .-CyClockStartupError
  39 0002 00BF     		.section	.text.AnalogSetDefault,"ax",%progbits
  40              		.align	2
  41              		.thumb
  42              		.thumb_func
  43              		.type	AnalogSetDefault, %function
ARM GAS  C:\Users\KRISTE~1\AppData\Local\Temp\cchIC4Lg.s 			page 4


  44              	AnalogSetDefault:
  45              	.LFB5:
 129:Generated_Source\PSoC5/cyfitter_cfg.c ****     /* To remove the compiler warning if errorCode not used.                */
 130:Generated_Source\PSoC5/cyfitter_cfg.c ****     errorCode = errorCode;
 131:Generated_Source\PSoC5/cyfitter_cfg.c **** 
 132:Generated_Source\PSoC5/cyfitter_cfg.c ****     /* If we have a clock startup error (bad MHz crystal, PLL lock, etc.),  */
 133:Generated_Source\PSoC5/cyfitter_cfg.c ****     /* we will end up here to allow the customer to implement something to  */
 134:Generated_Source\PSoC5/cyfitter_cfg.c ****     /* deal with the clock condition.                                       */
 135:Generated_Source\PSoC5/cyfitter_cfg.c **** 
 136:Generated_Source\PSoC5/cyfitter_cfg.c **** #ifdef CY_CFG_CLOCK_STARTUP_ERROR_CALLBACK
 137:Generated_Source\PSoC5/cyfitter_cfg.c ****     CY_CFG_Clock_Startup_ErrorCallback();
 138:Generated_Source\PSoC5/cyfitter_cfg.c **** #else
 139:Generated_Source\PSoC5/cyfitter_cfg.c ****     /*  If not using CY_CFG_CLOCK_STARTUP_ERROR_CALLBACK, place your clock startup code here. */
 140:Generated_Source\PSoC5/cyfitter_cfg.c ****     /* `#START CyClockStartupError` */
 141:Generated_Source\PSoC5/cyfitter_cfg.c **** 
 142:Generated_Source\PSoC5/cyfitter_cfg.c **** 
 143:Generated_Source\PSoC5/cyfitter_cfg.c **** 
 144:Generated_Source\PSoC5/cyfitter_cfg.c ****     /* `#END` */
 145:Generated_Source\PSoC5/cyfitter_cfg.c **** 
 146:Generated_Source\PSoC5/cyfitter_cfg.c ****     while(1) {}
 147:Generated_Source\PSoC5/cyfitter_cfg.c **** #endif /* CY_CFG_CLOCK_STARTUP_ERROR_CALLBACK */
 148:Generated_Source\PSoC5/cyfitter_cfg.c **** }
 149:Generated_Source\PSoC5/cyfitter_cfg.c **** #endif
 150:Generated_Source\PSoC5/cyfitter_cfg.c **** 
 151:Generated_Source\PSoC5/cyfitter_cfg.c **** /* IOPINS0_1 Address: CYREG_PRT1_DM0 Size (bytes): 8 */
 152:Generated_Source\PSoC5/cyfitter_cfg.c **** #define BS_IOPINS0_1_VAL ((const uint8 CYFAR *)0x48000000u)
 153:Generated_Source\PSoC5/cyfitter_cfg.c **** 
 154:Generated_Source\PSoC5/cyfitter_cfg.c **** /* IOPINS0_2 Address: CYREG_PRT2_DM0 Size (bytes): 8 */
 155:Generated_Source\PSoC5/cyfitter_cfg.c **** #define BS_IOPINS0_2_VAL ((const uint8 CYFAR *)0x48000008u)
 156:Generated_Source\PSoC5/cyfitter_cfg.c **** 
 157:Generated_Source\PSoC5/cyfitter_cfg.c **** /* IOPINS0_5 Address: CYREG_PRT5_DM0 Size (bytes): 8 */
 158:Generated_Source\PSoC5/cyfitter_cfg.c **** #define BS_IOPINS0_5_VAL ((const uint8 CYFAR *)0x48000010u)
 159:Generated_Source\PSoC5/cyfitter_cfg.c **** 
 160:Generated_Source\PSoC5/cyfitter_cfg.c **** 
 161:Generated_Source\PSoC5/cyfitter_cfg.c **** /*******************************************************************************
 162:Generated_Source\PSoC5/cyfitter_cfg.c **** * Function Name: ClockSetup
 163:Generated_Source\PSoC5/cyfitter_cfg.c **** ********************************************************************************
 164:Generated_Source\PSoC5/cyfitter_cfg.c **** *
 165:Generated_Source\PSoC5/cyfitter_cfg.c **** * Summary:
 166:Generated_Source\PSoC5/cyfitter_cfg.c **** *  Performs the initialization of all of the clocks in the device based on the
 167:Generated_Source\PSoC5/cyfitter_cfg.c **** *  settings in the Clock tab of the DWR.  This includes enabling the requested
 168:Generated_Source\PSoC5/cyfitter_cfg.c **** *  clocks and setting the necessary dividers to produce the desired frequency. 
 169:Generated_Source\PSoC5/cyfitter_cfg.c **** *
 170:Generated_Source\PSoC5/cyfitter_cfg.c **** * Parameters:
 171:Generated_Source\PSoC5/cyfitter_cfg.c **** *  void
 172:Generated_Source\PSoC5/cyfitter_cfg.c **** *
 173:Generated_Source\PSoC5/cyfitter_cfg.c **** * Return:
 174:Generated_Source\PSoC5/cyfitter_cfg.c **** *  void
 175:Generated_Source\PSoC5/cyfitter_cfg.c **** *
 176:Generated_Source\PSoC5/cyfitter_cfg.c **** *******************************************************************************/
 177:Generated_Source\PSoC5/cyfitter_cfg.c **** static void ClockSetup(void);
 178:Generated_Source\PSoC5/cyfitter_cfg.c **** static void ClockSetup(void)
 179:Generated_Source\PSoC5/cyfitter_cfg.c **** {
 180:Generated_Source\PSoC5/cyfitter_cfg.c **** 	uint32 timeout;
 181:Generated_Source\PSoC5/cyfitter_cfg.c **** 	uint8 pllLock;
 182:Generated_Source\PSoC5/cyfitter_cfg.c **** 
 183:Generated_Source\PSoC5/cyfitter_cfg.c **** 
ARM GAS  C:\Users\KRISTE~1\AppData\Local\Temp\cchIC4Lg.s 			page 5


 184:Generated_Source\PSoC5/cyfitter_cfg.c **** 	/* Configure ILO based on settings from Clock DWR */
 185:Generated_Source\PSoC5/cyfitter_cfg.c **** 	CY_SET_XTND_REG8((void CYFAR *)(CYREG_SLOWCLK_ILO_CR0), 0x02u);
 186:Generated_Source\PSoC5/cyfitter_cfg.c **** 	CY_SET_XTND_REG8((void CYFAR *)(CYREG_CLKDIST_CR), 0x08u);
 187:Generated_Source\PSoC5/cyfitter_cfg.c **** 
 188:Generated_Source\PSoC5/cyfitter_cfg.c **** 	/* Configure IMO based on settings from Clock DWR */
 189:Generated_Source\PSoC5/cyfitter_cfg.c **** 	CY_SET_XTND_REG8((void CYFAR *)(CYREG_FASTCLK_IMO_CR), 0x03u);
 190:Generated_Source\PSoC5/cyfitter_cfg.c **** 	CY_SET_XTND_REG8((void CYFAR *)(CYREG_IMO_TR1), (CY_GET_XTND_REG8((void CYFAR *)CYREG_FLSHID_CUST_
 191:Generated_Source\PSoC5/cyfitter_cfg.c **** 
 192:Generated_Source\PSoC5/cyfitter_cfg.c **** 	/* Configure PLL based on settings from Clock DWR */
 193:Generated_Source\PSoC5/cyfitter_cfg.c **** 	CY_SET_XTND_REG16((void CYFAR *)(CYREG_FASTCLK_PLL_P), 0x0008u);
 194:Generated_Source\PSoC5/cyfitter_cfg.c **** 	CY_SET_XTND_REG16((void CYFAR *)(CYREG_FASTCLK_PLL_CFG0), 0x1251u);
 195:Generated_Source\PSoC5/cyfitter_cfg.c **** 	/* Wait up to 250us for the PLL to lock */
 196:Generated_Source\PSoC5/cyfitter_cfg.c **** 	pllLock = 0u;
 197:Generated_Source\PSoC5/cyfitter_cfg.c **** 	for (timeout = 250u / 10u; (timeout > 0u) && (pllLock != 0x03u); timeout--)
 198:Generated_Source\PSoC5/cyfitter_cfg.c **** 	{ 
 199:Generated_Source\PSoC5/cyfitter_cfg.c **** 		pllLock = 0x03u & ((uint8)((uint8)pllLock << 1) | ((CY_GET_XTND_REG8((void CYFAR *)CYREG_FASTCLK_
 200:Generated_Source\PSoC5/cyfitter_cfg.c **** 		CyDelayCycles(10u * 48u); /* Delay 10us based on 48MHz clock */
 201:Generated_Source\PSoC5/cyfitter_cfg.c **** 	}
 202:Generated_Source\PSoC5/cyfitter_cfg.c **** 	/* If we ran out of time the PLL didn't lock so go to the error function */
 203:Generated_Source\PSoC5/cyfitter_cfg.c **** 	if (timeout == 0u)
 204:Generated_Source\PSoC5/cyfitter_cfg.c **** 	{
 205:Generated_Source\PSoC5/cyfitter_cfg.c **** 		CyClockStartupError(CYCLOCKSTART_PLL_ERROR);
 206:Generated_Source\PSoC5/cyfitter_cfg.c **** 	}
 207:Generated_Source\PSoC5/cyfitter_cfg.c **** 
 208:Generated_Source\PSoC5/cyfitter_cfg.c **** 	/* Configure Bus/Master Clock based on settings from Clock DWR */
 209:Generated_Source\PSoC5/cyfitter_cfg.c **** 	CY_SET_XTND_REG16((void CYFAR *)(CYREG_CLKDIST_MSTR0), 0x0100u);
 210:Generated_Source\PSoC5/cyfitter_cfg.c **** 	CY_SET_XTND_REG8((void CYFAR *)(CYREG_CLKDIST_MSTR0), 0x07u);
 211:Generated_Source\PSoC5/cyfitter_cfg.c **** 	CY_SET_XTND_REG8((void CYFAR *)(CYREG_CLKDIST_BCFG0), 0x00u);
 212:Generated_Source\PSoC5/cyfitter_cfg.c **** 	CY_SET_XTND_REG8((void CYFAR *)(CYREG_CLKDIST_BCFG2), 0x48u);
 213:Generated_Source\PSoC5/cyfitter_cfg.c **** 	CY_SET_XTND_REG8((void CYFAR *)(CYREG_CLKDIST_MSTR0), 0x00u);
 214:Generated_Source\PSoC5/cyfitter_cfg.c **** 	CY_SET_XTND_REG8((void CYFAR *)(CYREG_CLKDIST_LD), 0x02u);
 215:Generated_Source\PSoC5/cyfitter_cfg.c **** }
 216:Generated_Source\PSoC5/cyfitter_cfg.c **** 
 217:Generated_Source\PSoC5/cyfitter_cfg.c **** 
 218:Generated_Source\PSoC5/cyfitter_cfg.c **** /* Analog API Functions */
 219:Generated_Source\PSoC5/cyfitter_cfg.c **** 
 220:Generated_Source\PSoC5/cyfitter_cfg.c **** 
 221:Generated_Source\PSoC5/cyfitter_cfg.c **** /*******************************************************************************
 222:Generated_Source\PSoC5/cyfitter_cfg.c **** * Function Name: AnalogSetDefault
 223:Generated_Source\PSoC5/cyfitter_cfg.c **** ********************************************************************************
 224:Generated_Source\PSoC5/cyfitter_cfg.c **** *
 225:Generated_Source\PSoC5/cyfitter_cfg.c **** * Summary:
 226:Generated_Source\PSoC5/cyfitter_cfg.c **** *  Sets up the analog portions of the chip to default values based on chip
 227:Generated_Source\PSoC5/cyfitter_cfg.c **** *  configuration options from the project.
 228:Generated_Source\PSoC5/cyfitter_cfg.c **** *
 229:Generated_Source\PSoC5/cyfitter_cfg.c **** * Parameters:
 230:Generated_Source\PSoC5/cyfitter_cfg.c **** *  void
 231:Generated_Source\PSoC5/cyfitter_cfg.c **** *
 232:Generated_Source\PSoC5/cyfitter_cfg.c **** * Return:
 233:Generated_Source\PSoC5/cyfitter_cfg.c **** *  void
 234:Generated_Source\PSoC5/cyfitter_cfg.c **** *
 235:Generated_Source\PSoC5/cyfitter_cfg.c **** *******************************************************************************/
 236:Generated_Source\PSoC5/cyfitter_cfg.c **** static void AnalogSetDefault(void);
 237:Generated_Source\PSoC5/cyfitter_cfg.c **** static void AnalogSetDefault(void)
 238:Generated_Source\PSoC5/cyfitter_cfg.c **** {
  46              		.loc 1 238 0
  47              		.cfi_startproc
ARM GAS  C:\Users\KRISTE~1\AppData\Local\Temp\cchIC4Lg.s 			page 6


  48              		@ args = 0, pretend = 0, frame = 0
  49              		@ frame_needed = 0, uses_anonymous_args = 0
  50              		@ link register save eliminated.
 239:Generated_Source\PSoC5/cyfitter_cfg.c **** 	uint8 bg_xover_inl_trim = CY_GET_XTND_REG8((void CYFAR *)(CYREG_FLSHID_MFG_CFG_BG_XOVER_INL_TRIM +
  51              		.loc 1 239 0
  52 0000 064B     		ldr	r3, .L4
  53 0002 1B78     		ldrb	r3, [r3]	@ zero_extendqisi2
  54 0004 DBB2     		uxtb	r3, r3
  55              	.LVL1:
 240:Generated_Source\PSoC5/cyfitter_cfg.c **** 	CY_SET_XTND_REG8((void CYFAR *)(CYREG_BG_DFT0), (bg_xover_inl_trim & 0x07u));
  56              		.loc 1 240 0
  57 0006 03F00701 		and	r1, r3, #7
  58 000a 054A     		ldr	r2, .L4+4
  59 000c 1170     		strb	r1, [r2]
 241:Generated_Source\PSoC5/cyfitter_cfg.c **** 	CY_SET_XTND_REG8((void CYFAR *)(CYREG_BG_DFT1), ((bg_xover_inl_trim >> 4) & 0x0Fu));
  60              		.loc 1 241 0
  61 000e 1B09     		lsrs	r3, r3, #4
  62              	.LVL2:
  63 0010 0132     		adds	r2, r2, #1
  64 0012 1370     		strb	r3, [r2]
 242:Generated_Source\PSoC5/cyfitter_cfg.c **** 	CY_SET_XTND_REG8((void CYFAR *)CYREG_PUMP_CR0, 0x44u);
  65              		.loc 1 242 0
  66 0014 4422     		movs	r2, #68
  67 0016 034B     		ldr	r3, .L4+8
  68 0018 1A70     		strb	r2, [r3]
  69 001a 7047     		bx	lr
  70              	.L5:
  71              		.align	2
  72              	.L4:
  73 001c CF010049 		.word	1224737231
  74 0020 6E580040 		.word	1073764462
  75 0024 76580040 		.word	1073764470
  76              		.cfi_endproc
  77              	.LFE5:
  78              		.size	AnalogSetDefault, .-AnalogSetDefault
  79              		.section	.text.CYMEMZERO,"ax",%progbits
  80              		.align	2
  81              		.thumb
  82              		.thumb_func
  83              		.type	CYMEMZERO, %function
  84              	CYMEMZERO:
  85              	.LFB0:
  78:Generated_Source\PSoC5/cyfitter_cfg.c **** 	(void)memset(s, 0, n);
  86              		.loc 1 78 0
  87              		.cfi_startproc
  88              		@ args = 0, pretend = 0, frame = 0
  89              		@ frame_needed = 0, uses_anonymous_args = 0
  90              	.LVL3:
  91 0000 08B5     		push	{r3, lr}
  92              		.cfi_def_cfa_offset 8
  93              		.cfi_offset 3, -8
  94              		.cfi_offset 14, -4
  79:Generated_Source\PSoC5/cyfitter_cfg.c **** }
  95              		.loc 1 79 0
  96 0002 0A46     		mov	r2, r1
  97 0004 0021     		movs	r1, #0
  98              	.LVL4:
ARM GAS  C:\Users\KRISTE~1\AppData\Local\Temp\cchIC4Lg.s 			page 7


  99 0006 FFF7FEFF 		bl	memset
 100              	.LVL5:
 101 000a 08BD     		pop	{r3, pc}
 102              		.cfi_endproc
 103              	.LFE0:
 104              		.size	CYMEMZERO, .-CYMEMZERO
 105              		.section	.text.ClockSetup,"ax",%progbits
 106              		.align	2
 107              		.thumb
 108              		.thumb_func
 109              		.type	ClockSetup, %function
 110              	ClockSetup:
 111              	.LFB4:
 179:Generated_Source\PSoC5/cyfitter_cfg.c **** 	uint32 timeout;
 112              		.loc 1 179 0
 113              		.cfi_startproc
 114              		@ args = 0, pretend = 0, frame = 0
 115              		@ frame_needed = 0, uses_anonymous_args = 0
 116 0000 38B5     		push	{r3, r4, r5, lr}
 117              		.cfi_def_cfa_offset 16
 118              		.cfi_offset 3, -16
 119              		.cfi_offset 4, -12
 120              		.cfi_offset 5, -8
 121              		.cfi_offset 14, -4
 185:Generated_Source\PSoC5/cyfitter_cfg.c **** 	CY_SET_XTND_REG8((void CYFAR *)(CYREG_CLKDIST_CR), 0x08u);
 122              		.loc 1 185 0
 123 0002 0222     		movs	r2, #2
 124 0004 1E4B     		ldr	r3, .L14
 125 0006 1A70     		strb	r2, [r3]
 186:Generated_Source\PSoC5/cyfitter_cfg.c **** 
 126              		.loc 1 186 0
 127 0008 0822     		movs	r2, #8
 128 000a 4FF04023 		mov	r3, #1073758208
 129 000e 1A70     		strb	r2, [r3]
 189:Generated_Source\PSoC5/cyfitter_cfg.c **** 	CY_SET_XTND_REG8((void CYFAR *)(CYREG_IMO_TR1), (CY_GET_XTND_REG8((void CYFAR *)CYREG_FLSHID_CUST_
 130              		.loc 1 189 0
 131 0010 0321     		movs	r1, #3
 132 0012 03F50073 		add	r3, r3, #512
 133 0016 1970     		strb	r1, [r3]
 190:Generated_Source\PSoC5/cyfitter_cfg.c **** 
 134              		.loc 1 190 0
 135 0018 1A4B     		ldr	r3, .L14+4
 136 001a 1B78     		ldrb	r3, [r3]	@ zero_extendqisi2
 137 001c DBB2     		uxtb	r3, r3
 138 001e 1A49     		ldr	r1, .L14+8
 139 0020 0B70     		strb	r3, [r1]
 193:Generated_Source\PSoC5/cyfitter_cfg.c **** 	CY_SET_XTND_REG16((void CYFAR *)(CYREG_FASTCLK_PLL_CFG0), 0x1251u);
 140              		.loc 1 193 0
 141 0022 1A4B     		ldr	r3, .L14+12
 142 0024 1A80     		strh	r2, [r3]	@ movhi
 194:Generated_Source\PSoC5/cyfitter_cfg.c **** 	/* Wait up to 250us for the PLL to lock */
 143              		.loc 1 194 0
 144 0026 41F25122 		movw	r2, #4689
 145 002a 023B     		subs	r3, r3, #2
 146 002c 1A80     		strh	r2, [r3]	@ movhi
 147              	.LVL6:
 196:Generated_Source\PSoC5/cyfitter_cfg.c **** 	for (timeout = 250u / 10u; (timeout > 0u) && (pllLock != 0x03u); timeout--)
ARM GAS  C:\Users\KRISTE~1\AppData\Local\Temp\cchIC4Lg.s 			page 8


 148              		.loc 1 196 0
 149 002e 0024     		movs	r4, #0
 197:Generated_Source\PSoC5/cyfitter_cfg.c **** 	{ 
 150              		.loc 1 197 0
 151 0030 1925     		movs	r5, #25
 152 0032 0CE0     		b	.L9
 153              	.LVL7:
 154              	.L11:
 199:Generated_Source\PSoC5/cyfitter_cfg.c **** 		CyDelayCycles(10u * 48u); /* Delay 10us based on 48MHz clock */
 155              		.loc 1 199 0 discriminator 4
 156 0034 164B     		ldr	r3, .L14+16
 157 0036 1B78     		ldrb	r3, [r3]	@ zero_extendqisi2
 158 0038 03F00103 		and	r3, r3, #1
 159 003c 43EA4404 		orr	r4, r3, r4, lsl #1
 160              	.LVL8:
 161 0040 04F00304 		and	r4, r4, #3
 162              	.LVL9:
 200:Generated_Source\PSoC5/cyfitter_cfg.c **** 	}
 163              		.loc 1 200 0 discriminator 4
 164 0044 4FF4F070 		mov	r0, #480
 165 0048 FFF7FEFF 		bl	CyDelayCycles
 166              	.LVL10:
 197:Generated_Source\PSoC5/cyfitter_cfg.c **** 	{ 
 167              		.loc 1 197 0 discriminator 4
 168 004c 013D     		subs	r5, r5, #1
 169              	.LVL11:
 170              	.L9:
 197:Generated_Source\PSoC5/cyfitter_cfg.c **** 	{ 
 171              		.loc 1 197 0 is_stmt 0 discriminator 1
 172 004e 0DB1     		cbz	r5, .L10
 197:Generated_Source\PSoC5/cyfitter_cfg.c **** 	{ 
 173              		.loc 1 197 0 discriminator 3
 174 0050 032C     		cmp	r4, #3
 175 0052 EFD1     		bne	.L11
 176              	.L10:
 203:Generated_Source\PSoC5/cyfitter_cfg.c **** 	{
 177              		.loc 1 203 0 is_stmt 1
 178 0054 15B9     		cbnz	r5, .L12
 205:Generated_Source\PSoC5/cyfitter_cfg.c **** 	}
 179              		.loc 1 205 0
 180 0056 0320     		movs	r0, #3
 181 0058 FFF7FEFF 		bl	CyClockStartupError
 182              	.LVL12:
 183              	.L12:
 209:Generated_Source\PSoC5/cyfitter_cfg.c **** 	CY_SET_XTND_REG8((void CYFAR *)(CYREG_CLKDIST_MSTR0), 0x07u);
 184              		.loc 1 209 0
 185 005c 0D4B     		ldr	r3, .L14+20
 186 005e 4FF48072 		mov	r2, #256
 187 0062 1A80     		strh	r2, [r3]	@ movhi
 210:Generated_Source\PSoC5/cyfitter_cfg.c **** 	CY_SET_XTND_REG8((void CYFAR *)(CYREG_CLKDIST_BCFG0), 0x00u);
 188              		.loc 1 210 0
 189 0064 0722     		movs	r2, #7
 190 0066 1A70     		strb	r2, [r3]
 211:Generated_Source\PSoC5/cyfitter_cfg.c **** 	CY_SET_XTND_REG8((void CYFAR *)(CYREG_CLKDIST_BCFG2), 0x48u);
 191              		.loc 1 211 0
 192 0068 0022     		movs	r2, #0
 193 006a 0B49     		ldr	r1, .L14+24
ARM GAS  C:\Users\KRISTE~1\AppData\Local\Temp\cchIC4Lg.s 			page 9


 194 006c 0A70     		strb	r2, [r1]
 212:Generated_Source\PSoC5/cyfitter_cfg.c **** 	CY_SET_XTND_REG8((void CYFAR *)(CYREG_CLKDIST_MSTR0), 0x00u);
 195              		.loc 1 212 0
 196 006e 4820     		movs	r0, #72
 197 0070 0231     		adds	r1, r1, #2
 198 0072 0870     		strb	r0, [r1]
 213:Generated_Source\PSoC5/cyfitter_cfg.c **** 	CY_SET_XTND_REG8((void CYFAR *)(CYREG_CLKDIST_LD), 0x02u);
 199              		.loc 1 213 0
 200 0074 1A70     		strb	r2, [r3]
 214:Generated_Source\PSoC5/cyfitter_cfg.c **** }
 201              		.loc 1 214 0
 202 0076 0222     		movs	r2, #2
 203 0078 033B     		subs	r3, r3, #3
 204 007a 1A70     		strb	r2, [r3]
 205 007c 38BD     		pop	{r3, r4, r5, pc}
 206              	.LVL13:
 207              	.L15:
 208 007e 00BF     		.align	2
 209              	.L14:
 210 0080 00430040 		.word	1073758976
 211 0084 08010049 		.word	1224737032
 212 0088 A1460040 		.word	1073759905
 213 008c 22420040 		.word	1073758754
 214 0090 25420040 		.word	1073758757
 215 0094 04400040 		.word	1073758212
 216 0098 06400040 		.word	1073758214
 217              		.cfi_endproc
 218              	.LFE4:
 219              		.size	ClockSetup, .-ClockSetup
 220              		.section	.text.CYCONFIGCPY,"ax",%progbits
 221              		.align	2
 222              		.thumb
 223              		.thumb_func
 224              		.type	CYCONFIGCPY, %function
 225              	CYCONFIGCPY:
 226              	.LFB1:
  85:Generated_Source\PSoC5/cyfitter_cfg.c **** 	(void)memcpy(dest, src, n);
 227              		.loc 1 85 0
 228              		.cfi_startproc
 229              		@ args = 0, pretend = 0, frame = 0
 230              		@ frame_needed = 0, uses_anonymous_args = 0
 231              	.LVL14:
 232 0000 08B5     		push	{r3, lr}
 233              		.cfi_def_cfa_offset 8
 234              		.cfi_offset 3, -8
 235              		.cfi_offset 14, -4
  86:Generated_Source\PSoC5/cyfitter_cfg.c **** }
 236              		.loc 1 86 0
 237 0002 FFF7FEFF 		bl	memcpy
 238              	.LVL15:
 239 0006 08BD     		pop	{r3, pc}
 240              		.cfi_endproc
 241              	.LFE1:
 242              		.size	CYCONFIGCPY, .-CYCONFIGCPY
 243              		.section	.text.SetAnalogRoutingPumps,"ax",%progbits
 244              		.align	2
 245              		.global	SetAnalogRoutingPumps
ARM GAS  C:\Users\KRISTE~1\AppData\Local\Temp\cchIC4Lg.s 			page 10


 246              		.thumb
 247              		.thumb_func
 248              		.type	SetAnalogRoutingPumps, %function
 249              	SetAnalogRoutingPumps:
 250              	.LFB6:
 243:Generated_Source\PSoC5/cyfitter_cfg.c **** }
 244:Generated_Source\PSoC5/cyfitter_cfg.c **** 
 245:Generated_Source\PSoC5/cyfitter_cfg.c **** 
 246:Generated_Source\PSoC5/cyfitter_cfg.c **** /*******************************************************************************
 247:Generated_Source\PSoC5/cyfitter_cfg.c **** * Function Name: SetAnalogRoutingPumps
 248:Generated_Source\PSoC5/cyfitter_cfg.c **** ********************************************************************************
 249:Generated_Source\PSoC5/cyfitter_cfg.c **** *
 250:Generated_Source\PSoC5/cyfitter_cfg.c **** * Summary:
 251:Generated_Source\PSoC5/cyfitter_cfg.c **** * Enables or disables the analog pumps feeding analog routing switches.
 252:Generated_Source\PSoC5/cyfitter_cfg.c **** * Intended to be called at startup, based on the Vdda system configuration;
 253:Generated_Source\PSoC5/cyfitter_cfg.c **** * may be called during operation when the user informs us that the Vdda voltage
 254:Generated_Source\PSoC5/cyfitter_cfg.c **** * crossed the pump threshold.
 255:Generated_Source\PSoC5/cyfitter_cfg.c **** *
 256:Generated_Source\PSoC5/cyfitter_cfg.c **** * Parameters:
 257:Generated_Source\PSoC5/cyfitter_cfg.c **** *  enabled - 1 to enable the pumps, 0 to disable the pumps
 258:Generated_Source\PSoC5/cyfitter_cfg.c **** *
 259:Generated_Source\PSoC5/cyfitter_cfg.c **** * Return:
 260:Generated_Source\PSoC5/cyfitter_cfg.c **** *  void
 261:Generated_Source\PSoC5/cyfitter_cfg.c **** *
 262:Generated_Source\PSoC5/cyfitter_cfg.c **** *******************************************************************************/
 263:Generated_Source\PSoC5/cyfitter_cfg.c **** void SetAnalogRoutingPumps(uint8 enabled)
 264:Generated_Source\PSoC5/cyfitter_cfg.c **** {
 251              		.loc 1 264 0
 252              		.cfi_startproc
 253              		@ args = 0, pretend = 0, frame = 0
 254              		@ frame_needed = 0, uses_anonymous_args = 0
 255              		@ link register save eliminated.
 256              	.LVL16:
 265:Generated_Source\PSoC5/cyfitter_cfg.c **** 	uint8 regValue = CY_GET_XTND_REG8((void CYFAR *)CYREG_PUMP_CR0);
 257              		.loc 1 265 0
 258 0000 024A     		ldr	r2, .L19
 259 0002 1378     		ldrb	r3, [r2]	@ zero_extendqisi2
 260 0004 DBB2     		uxtb	r3, r3
 261              	.LVL17:
 266:Generated_Source\PSoC5/cyfitter_cfg.c **** 	if (enabled != 0u)
 267:Generated_Source\PSoC5/cyfitter_cfg.c **** 	{
 268:Generated_Source\PSoC5/cyfitter_cfg.c **** 		regValue |= 0x00u;
 269:Generated_Source\PSoC5/cyfitter_cfg.c **** 	}
 270:Generated_Source\PSoC5/cyfitter_cfg.c **** 	else
 271:Generated_Source\PSoC5/cyfitter_cfg.c **** 	{
 272:Generated_Source\PSoC5/cyfitter_cfg.c **** 		regValue &= (uint8)~0x00u;
 273:Generated_Source\PSoC5/cyfitter_cfg.c **** 	}
 274:Generated_Source\PSoC5/cyfitter_cfg.c **** 	CY_SET_XTND_REG8((void CYFAR *)CYREG_PUMP_CR0, regValue);
 262              		.loc 1 274 0
 263 0006 1370     		strb	r3, [r2]
 264 0008 7047     		bx	lr
 265              	.L20:
 266 000a 00BF     		.align	2
 267              	.L19:
 268 000c 76580040 		.word	1073764470
 269              		.cfi_endproc
 270              	.LFE6:
ARM GAS  C:\Users\KRISTE~1\AppData\Local\Temp\cchIC4Lg.s 			page 11


 271              		.size	SetAnalogRoutingPumps, .-SetAnalogRoutingPumps
 272              		.section	.text.cyfitter_cfg,"ax",%progbits
 273              		.align	2
 274              		.global	cyfitter_cfg
 275              		.thumb
 276              		.thumb_func
 277              		.type	cyfitter_cfg, %function
 278              	cyfitter_cfg:
 279              	.LFB7:
 275:Generated_Source\PSoC5/cyfitter_cfg.c **** }
 276:Generated_Source\PSoC5/cyfitter_cfg.c **** 
 277:Generated_Source\PSoC5/cyfitter_cfg.c **** 
 278:Generated_Source\PSoC5/cyfitter_cfg.c **** 
 279:Generated_Source\PSoC5/cyfitter_cfg.c **** 
 280:Generated_Source\PSoC5/cyfitter_cfg.c **** /*******************************************************************************
 281:Generated_Source\PSoC5/cyfitter_cfg.c **** * Function Name: cyfitter_cfg
 282:Generated_Source\PSoC5/cyfitter_cfg.c **** ********************************************************************************
 283:Generated_Source\PSoC5/cyfitter_cfg.c **** * Summary:
 284:Generated_Source\PSoC5/cyfitter_cfg.c **** *  This function is called by the start-up code for the selected device. It
 285:Generated_Source\PSoC5/cyfitter_cfg.c **** *  performs all of the necessary device configuration based on the design
 286:Generated_Source\PSoC5/cyfitter_cfg.c **** *  settings.  This includes settings from the Design Wide Resources (DWR) such
 287:Generated_Source\PSoC5/cyfitter_cfg.c **** *  as Clocks and Pins as well as any component configuration that is necessary.
 288:Generated_Source\PSoC5/cyfitter_cfg.c **** *
 289:Generated_Source\PSoC5/cyfitter_cfg.c **** * Parameters:
 290:Generated_Source\PSoC5/cyfitter_cfg.c **** *   void
 291:Generated_Source\PSoC5/cyfitter_cfg.c **** *
 292:Generated_Source\PSoC5/cyfitter_cfg.c **** * Return:
 293:Generated_Source\PSoC5/cyfitter_cfg.c **** *   void
 294:Generated_Source\PSoC5/cyfitter_cfg.c **** *
 295:Generated_Source\PSoC5/cyfitter_cfg.c **** *******************************************************************************/
 296:Generated_Source\PSoC5/cyfitter_cfg.c **** 
 297:Generated_Source\PSoC5/cyfitter_cfg.c **** void cyfitter_cfg(void)
 298:Generated_Source\PSoC5/cyfitter_cfg.c **** {
 280              		.loc 1 298 0
 281              		.cfi_startproc
 282              		@ args = 0, pretend = 0, frame = 0
 283              		@ frame_needed = 0, uses_anonymous_args = 0
 284 0000 38B5     		push	{r3, r4, r5, lr}
 285              		.cfi_def_cfa_offset 16
 286              		.cfi_offset 3, -16
 287              		.cfi_offset 4, -12
 288              		.cfi_offset 5, -8
 289              		.cfi_offset 14, -4
 299:Generated_Source\PSoC5/cyfitter_cfg.c **** #ifdef CYGlobalIntDisable
 300:Generated_Source\PSoC5/cyfitter_cfg.c **** 	/* Disable interrupts by default. Let user enable if/when they want. */
 301:Generated_Source\PSoC5/cyfitter_cfg.c **** 	CYGlobalIntDisable
 290              		.loc 1 301 0
 291              		.syntax unified
 292              	@ 301 "Generated_Source\PSoC5\cyfitter_cfg.c" 1
 293 0002 72B6     		CPSID   i
 294              	@ 0 "" 2
 302:Generated_Source\PSoC5/cyfitter_cfg.c **** #endif
 303:Generated_Source\PSoC5/cyfitter_cfg.c **** 
 304:Generated_Source\PSoC5/cyfitter_cfg.c **** 	/* Enable/Disable Debug functionality based on settings from System DWR */
 305:Generated_Source\PSoC5/cyfitter_cfg.c **** 	CY_SET_XTND_REG8((void CYFAR *)CYREG_MLOGIC_DEBUG, (CY_GET_XTND_REG8((void CYFAR *)CYREG_MLOGIC_DE
 295              		.loc 1 305 0
 296              		.thumb
ARM GAS  C:\Users\KRISTE~1\AppData\Local\Temp\cchIC4Lg.s 			page 12


 297              		.syntax unified
 298 0004 234A     		ldr	r2, .L25
 299 0006 1378     		ldrb	r3, [r2]	@ zero_extendqisi2
 300 0008 43F00403 		orr	r3, r3, #4
 301 000c 1370     		strb	r3, [r2]
 302              	.LVL18:
 303              	.LBB2:
 306:Generated_Source\PSoC5/cyfitter_cfg.c **** 
 307:Generated_Source\PSoC5/cyfitter_cfg.c **** 	{
 308:Generated_Source\PSoC5/cyfitter_cfg.c **** 
 309:Generated_Source\PSoC5/cyfitter_cfg.c **** 		CYPACKED typedef struct {
 310:Generated_Source\PSoC5/cyfitter_cfg.c **** 			void CYFAR *address;
 311:Generated_Source\PSoC5/cyfitter_cfg.c **** 			uint16 size;
 312:Generated_Source\PSoC5/cyfitter_cfg.c **** 		} CYPACKED_ATTR cfg_memset_t;
 313:Generated_Source\PSoC5/cyfitter_cfg.c **** 
 314:Generated_Source\PSoC5/cyfitter_cfg.c **** 		static const cfg_memset_t CYCODE cfg_memset_list[] = {
 315:Generated_Source\PSoC5/cyfitter_cfg.c **** 			/* address, size */
 316:Generated_Source\PSoC5/cyfitter_cfg.c **** 			{(void CYFAR *)(CYREG_PRT0_DR), 16u},
 317:Generated_Source\PSoC5/cyfitter_cfg.c **** 			{(void CYFAR *)(CYREG_PRT3_DR), 32u},
 318:Generated_Source\PSoC5/cyfitter_cfg.c **** 			{(void CYFAR *)(CYREG_PRT6_DR), 16u},
 319:Generated_Source\PSoC5/cyfitter_cfg.c **** 			{(void CYFAR *)(CYREG_PRT12_DR), 16u},
 320:Generated_Source\PSoC5/cyfitter_cfg.c **** 			{(void CYFAR *)(CYREG_PRT15_DR), 16u},
 321:Generated_Source\PSoC5/cyfitter_cfg.c **** 			{(void CYFAR *)(CYDEV_UCFG_B0_P0_U0_BASE), 4096u},
 322:Generated_Source\PSoC5/cyfitter_cfg.c **** 			{(void CYFAR *)(CYDEV_UCFG_B1_P2_U0_BASE), 2048u},
 323:Generated_Source\PSoC5/cyfitter_cfg.c **** 			{(void CYFAR *)(CYDEV_UCFG_DSI0_BASE), 2560u},
 324:Generated_Source\PSoC5/cyfitter_cfg.c **** 			{(void CYFAR *)(CYDEV_UCFG_DSI12_BASE), 512u},
 325:Generated_Source\PSoC5/cyfitter_cfg.c **** 			{(void CYFAR *)(CYREG_BCTL0_MDCLK_EN), 32u},
 326:Generated_Source\PSoC5/cyfitter_cfg.c **** 		};
 327:Generated_Source\PSoC5/cyfitter_cfg.c **** 
 328:Generated_Source\PSoC5/cyfitter_cfg.c **** 		uint8 CYDATA i;
 329:Generated_Source\PSoC5/cyfitter_cfg.c **** 
 330:Generated_Source\PSoC5/cyfitter_cfg.c **** 		/* Zero out critical memory blocks before beginning configuration */
 331:Generated_Source\PSoC5/cyfitter_cfg.c **** 		for (i = 0u; i < (sizeof(cfg_memset_list)/sizeof(cfg_memset_list[0])); i++)
 304              		.loc 1 331 0
 305 000e 0024     		movs	r4, #0
 306 0010 0CE0     		b	.L22
 307              	.LVL19:
 308              	.L23:
 309              	.LBB3:
 332:Generated_Source\PSoC5/cyfitter_cfg.c **** 		{
 333:Generated_Source\PSoC5/cyfitter_cfg.c **** 			const cfg_memset_t CYCODE * CYDATA ms = &cfg_memset_list[i];
 334:Generated_Source\PSoC5/cyfitter_cfg.c **** 			CYMEMZERO(ms->address, (size_t)(uint32)(ms->size));
 310              		.loc 1 334 0 discriminator 3
 311 0012 214D     		ldr	r5, .L25+4
 312 0014 6300     		lsls	r3, r4, #1
 313 0016 1919     		adds	r1, r3, r4
 314 0018 4A00     		lsls	r2, r1, #1
 315 001a 1146     		mov	r1, r2
 316 001c 2A44     		add	r2, r2, r5
 317 001e 0846     		mov	r0, r1
 318 0020 9188     		ldrh	r1, [r2, #4]
 319 0022 2858     		ldr	r0, [r5, r0]	@ unaligned
 320 0024 FFF7FEFF 		bl	CYMEMZERO
 321              	.LVL20:
 322              	.LBE3:
 331:Generated_Source\PSoC5/cyfitter_cfg.c **** 		{
 323              		.loc 1 331 0 discriminator 3
ARM GAS  C:\Users\KRISTE~1\AppData\Local\Temp\cchIC4Lg.s 			page 13


 324 0028 0134     		adds	r4, r4, #1
 325              	.LVL21:
 326 002a E4B2     		uxtb	r4, r4
 327              	.LVL22:
 328              	.L22:
 331:Generated_Source\PSoC5/cyfitter_cfg.c **** 		{
 329              		.loc 1 331 0 is_stmt 0 discriminator 1
 330 002c 092C     		cmp	r4, #9
 331 002e F0D9     		bls	.L23
 335:Generated_Source\PSoC5/cyfitter_cfg.c **** 		}
 336:Generated_Source\PSoC5/cyfitter_cfg.c **** 
 337:Generated_Source\PSoC5/cyfitter_cfg.c **** 		/* Enable digital routing */
 338:Generated_Source\PSoC5/cyfitter_cfg.c **** 		CY_SET_XTND_REG8((void CYFAR *)CYREG_BCTL0_BANK_CTL, CY_GET_XTND_REG8((void CYFAR *)CYREG_BCTL0_B
 332              		.loc 1 338 0 is_stmt 1
 333 0030 1A4A     		ldr	r2, .L25+8
 334 0032 1378     		ldrb	r3, [r2]	@ zero_extendqisi2
 335 0034 43F00203 		orr	r3, r3, #2
 336 0038 1370     		strb	r3, [r2]
 339:Generated_Source\PSoC5/cyfitter_cfg.c **** 		CY_SET_XTND_REG8((void CYFAR *)CYREG_BCTL1_BANK_CTL, CY_GET_XTND_REG8((void CYFAR *)CYREG_BCTL1_B
 337              		.loc 1 339 0
 338 003a 1032     		adds	r2, r2, #16
 339 003c 1378     		ldrb	r3, [r2]	@ zero_extendqisi2
 340 003e 43F00203 		orr	r3, r3, #2
 341 0042 1370     		strb	r3, [r2]
 342              	.LBE2:
 340:Generated_Source\PSoC5/cyfitter_cfg.c **** 	}
 341:Generated_Source\PSoC5/cyfitter_cfg.c **** 
 342:Generated_Source\PSoC5/cyfitter_cfg.c **** 
 343:Generated_Source\PSoC5/cyfitter_cfg.c **** 	/* Perform second pass device configuration. These items must be configured in specific order afte
 344:Generated_Source\PSoC5/cyfitter_cfg.c **** 	CYCONFIGCPY((void CYFAR *)(CYREG_PRT1_DM0), (const void CYFAR *)(BS_IOPINS0_1_VAL), 8u);
 343              		.loc 1 344 0
 344 0044 0822     		movs	r2, #8
 345 0046 4FF09041 		mov	r1, #1207959552
 346 004a 1548     		ldr	r0, .L25+12
 347 004c FFF7FEFF 		bl	CYCONFIGCPY
 348              	.LVL23:
 345:Generated_Source\PSoC5/cyfitter_cfg.c **** 	CYCONFIGCPY((void CYFAR *)(CYREG_PRT2_DM0), (const void CYFAR *)(BS_IOPINS0_2_VAL), 8u);
 349              		.loc 1 345 0
 350 0050 0822     		movs	r2, #8
 351 0052 1449     		ldr	r1, .L25+16
 352 0054 1448     		ldr	r0, .L25+20
 353 0056 FFF7FEFF 		bl	CYCONFIGCPY
 354              	.LVL24:
 346:Generated_Source\PSoC5/cyfitter_cfg.c **** 	CYCONFIGCPY((void CYFAR *)(CYREG_PRT5_DM0), (const void CYFAR *)(BS_IOPINS0_5_VAL), 8u);
 355              		.loc 1 346 0
 356 005a 0822     		movs	r2, #8
 357 005c 1349     		ldr	r1, .L25+24
 358 005e 1448     		ldr	r0, .L25+28
 359 0060 FFF7FEFF 		bl	CYCONFIGCPY
 360              	.LVL25:
 347:Generated_Source\PSoC5/cyfitter_cfg.c **** 	/* Switch Boost to the precision bandgap reference from its internal reference */
 348:Generated_Source\PSoC5/cyfitter_cfg.c **** 	CY_SET_REG8((void CYXDATA *)CYREG_BOOST_CR2, (CY_GET_REG8((void CYXDATA *)CYREG_BOOST_CR2) | 0x08u
 361              		.loc 1 348 0
 362 0064 134A     		ldr	r2, .L25+32
 363 0066 1378     		ldrb	r3, [r2]	@ zero_extendqisi2
 364 0068 43F00803 		orr	r3, r3, #8
 365 006c 1370     		strb	r3, [r2]
ARM GAS  C:\Users\KRISTE~1\AppData\Local\Temp\cchIC4Lg.s 			page 14


 349:Generated_Source\PSoC5/cyfitter_cfg.c **** 
 350:Generated_Source\PSoC5/cyfitter_cfg.c **** 	/* Set Flash Cycles based on max possible frequency in case a glitch occurs during ClockSetup(). *
 351:Generated_Source\PSoC5/cyfitter_cfg.c **** 	CY_SET_XTND_REG8((void CYFAR *)(CYREG_CACHE_CC_CTL), (((CYDEV_INSTRUCT_CACHE_ENABLED) != 0) ? 0x61
 366              		.loc 1 351 0
 367 006e 124C     		ldr	r4, .L25+36
 368              	.LVL26:
 369 0070 6123     		movs	r3, #97
 370 0072 2370     		strb	r3, [r4]
 352:Generated_Source\PSoC5/cyfitter_cfg.c **** 	/* Setup clocks based on selections from Clock DWR */
 353:Generated_Source\PSoC5/cyfitter_cfg.c **** 	ClockSetup();
 371              		.loc 1 353 0
 372 0074 FFF7FEFF 		bl	ClockSetup
 373              	.LVL27:
 354:Generated_Source\PSoC5/cyfitter_cfg.c **** 	/* Set Flash Cycles based on newly configured 24.00MHz Bus Clock. */
 355:Generated_Source\PSoC5/cyfitter_cfg.c **** 	CY_SET_XTND_REG8((void CYFAR *)(CYREG_CACHE_CC_CTL), (((CYDEV_INSTRUCT_CACHE_ENABLED) != 0) ? 0x81
 374              		.loc 1 355 0
 375 0078 8123     		movs	r3, #129
 376 007a 2370     		strb	r3, [r4]
 356:Generated_Source\PSoC5/cyfitter_cfg.c **** 	CY_SET_XTND_REG8((void CYFAR *)(CYREG_PANTHER_WAITPIPE), 0x01u);
 377              		.loc 1 356 0
 378 007c 0122     		movs	r2, #1
 379 007e 0F4B     		ldr	r3, .L25+40
 380 0080 1A70     		strb	r2, [r3]
 357:Generated_Source\PSoC5/cyfitter_cfg.c **** 
 358:Generated_Source\PSoC5/cyfitter_cfg.c **** 	/* Perform basic analog initialization to defaults */
 359:Generated_Source\PSoC5/cyfitter_cfg.c **** 	AnalogSetDefault();
 381              		.loc 1 359 0
 382 0082 FFF7FEFF 		bl	AnalogSetDefault
 383              	.LVL28:
 360:Generated_Source\PSoC5/cyfitter_cfg.c **** 
 361:Generated_Source\PSoC5/cyfitter_cfg.c **** 	/* Configure alternate active mode */
 362:Generated_Source\PSoC5/cyfitter_cfg.c **** 	CYCONFIGCPY((void CYFAR *)CYDEV_PM_STBY_BASE, (const void CYFAR *)CYDEV_PM_ACT_BASE, 14u);
 384              		.loc 1 362 0
 385 0086 0E22     		movs	r2, #14
 386 0088 0D49     		ldr	r1, .L25+44
 387 008a 0E48     		ldr	r0, .L25+48
 388 008c FFF7FEFF 		bl	CYCONFIGCPY
 389              	.LVL29:
 390 0090 38BD     		pop	{r3, r4, r5, pc}
 391              	.L26:
 392 0092 00BF     		.align	2
 393              	.L25:
 394 0094 E8460040 		.word	1073759976
 395 0098 00000000 		.word	.LANCHOR0
 396 009c 03500140 		.word	1073827843
 397 00a0 12510040 		.word	1073762578
 398 00a4 08000048 		.word	1207959560
 399 00a8 22510040 		.word	1073762594
 400 00ac 10000048 		.word	1207959568
 401 00b0 52510040 		.word	1073762642
 402 00b4 22430040 		.word	1073759010
 403 00b8 00480040 		.word	1073760256
 404 00bc 04000840 		.word	1074266116
 405 00c0 A0430040 		.word	1073759136
 406 00c4 B0430040 		.word	1073759152
 407              		.cfi_endproc
 408              	.LFE7:
ARM GAS  C:\Users\KRISTE~1\AppData\Local\Temp\cchIC4Lg.s 			page 15


 409              		.size	cyfitter_cfg, .-cyfitter_cfg
 410              		.section	.rodata
 411              		.align	2
 412              		.set	.LANCHOR0,. + 0
 413              		.type	cfg_memset_list.4992, %object
 414              		.size	cfg_memset_list.4992, 60
 415              	cfg_memset_list.4992:
 416 0000 00510040 		.word	1073762560
 417 0004 1000     		.short	16
 418 0006 30510040 		.4byte	1073762608
 419 000a 2000     		.short	32
 420 000c 60510040 		.word	1073762656
 421 0010 1000     		.short	16
 422 0012 C0510040 		.4byte	1073762752
 423 0016 1000     		.short	16
 424 0018 F0510040 		.word	1073762800
 425 001c 1000     		.short	16
 426 001e 00000140 		.4byte	1073807360
 427 0022 0010     		.short	4096
 428 0024 00140140 		.word	1073812480
 429 0028 0008     		.short	2048
 430 002a 00400140 		.4byte	1073823744
 431 002e 000A     		.short	2560
 432 0030 004C0140 		.word	1073826816
 433 0034 0002     		.short	512
 434 0036 00500140 		.4byte	1073827840
 435 003a 2000     		.short	32
 436              		.text
 437              	.Letext0:
 438              		.file 2 "c:\\program files (x86)\\cypress\\psoc creator\\4.4\\psoc creator\\import\\gnu\\arm\\5.4.
 439              		.file 3 "Generated_Source\\PSoC5\\cytypes.h"
 440              		.file 4 "Generated_Source\\PSoC5\\CyLib.h"
 441              		.section	.debug_info,"",%progbits
 442              	.Ldebug_info0:
 443 0000 F2030000 		.4byte	0x3f2
 444 0004 0400     		.2byte	0x4
 445 0006 00000000 		.4byte	.Ldebug_abbrev0
 446 000a 04       		.byte	0x4
 447 000b 01       		.uleb128 0x1
 448 000c 8E000000 		.4byte	.LASF39
 449 0010 0C       		.byte	0xc
 450 0011 2E020000 		.4byte	.LASF40
 451 0015 43010000 		.4byte	.LASF41
 452 0019 00000000 		.4byte	.Ldebug_ranges0+0
 453 001d 00000000 		.4byte	0
 454 0021 00000000 		.4byte	.Ldebug_line0
 455 0025 02       		.uleb128 0x2
 456 0026 04       		.byte	0x4
 457 0027 05       		.byte	0x5
 458 0028 696E7400 		.ascii	"int\000"
 459 002c 03       		.uleb128 0x3
 460 002d 14000000 		.4byte	.LASF12
 461 0031 02       		.byte	0x2
 462 0032 D8       		.byte	0xd8
 463 0033 37000000 		.4byte	0x37
 464 0037 04       		.uleb128 0x4
 465 0038 04       		.byte	0x4
ARM GAS  C:\Users\KRISTE~1\AppData\Local\Temp\cchIC4Lg.s 			page 16


 466 0039 07       		.byte	0x7
 467 003a DE010000 		.4byte	.LASF0
 468 003e 04       		.uleb128 0x4
 469 003f 08       		.byte	0x8
 470 0040 05       		.byte	0x5
 471 0041 20020000 		.4byte	.LASF1
 472 0045 04       		.uleb128 0x4
 473 0046 08       		.byte	0x8
 474 0047 04       		.byte	0x4
 475 0048 7B020000 		.4byte	.LASF2
 476 004c 04       		.uleb128 0x4
 477 004d 01       		.byte	0x1
 478 004e 06       		.byte	0x6
 479 004f 99020000 		.4byte	.LASF3
 480 0053 04       		.uleb128 0x4
 481 0054 01       		.byte	0x1
 482 0055 08       		.byte	0x8
 483 0056 9D010000 		.4byte	.LASF4
 484 005a 04       		.uleb128 0x4
 485 005b 02       		.byte	0x2
 486 005c 05       		.byte	0x5
 487 005d 5B020000 		.4byte	.LASF5
 488 0061 04       		.uleb128 0x4
 489 0062 02       		.byte	0x2
 490 0063 07       		.byte	0x7
 491 0064 4F000000 		.4byte	.LASF6
 492 0068 04       		.uleb128 0x4
 493 0069 04       		.byte	0x4
 494 006a 05       		.byte	0x5
 495 006b 6D020000 		.4byte	.LASF7
 496 006f 04       		.uleb128 0x4
 497 0070 04       		.byte	0x4
 498 0071 07       		.byte	0x7
 499 0072 21010000 		.4byte	.LASF8
 500 0076 04       		.uleb128 0x4
 501 0077 08       		.byte	0x8
 502 0078 07       		.byte	0x7
 503 0079 F3010000 		.4byte	.LASF9
 504 007d 04       		.uleb128 0x4
 505 007e 04       		.byte	0x4
 506 007f 07       		.byte	0x7
 507 0080 17020000 		.4byte	.LASF10
 508 0084 05       		.uleb128 0x5
 509 0085 04       		.byte	0x4
 510 0086 04       		.uleb128 0x4
 511 0087 01       		.byte	0x1
 512 0088 08       		.byte	0x8
 513 0089 76020000 		.4byte	.LASF11
 514 008d 06       		.uleb128 0x6
 515 008e 33010000 		.4byte	.LASF13
 516 0092 03       		.byte	0x3
 517 0093 E901     		.2byte	0x1e9
 518 0095 53000000 		.4byte	0x53
 519 0099 06       		.uleb128 0x6
 520 009a C6010000 		.4byte	.LASF14
 521 009e 03       		.byte	0x3
 522 009f EA01     		.2byte	0x1ea
ARM GAS  C:\Users\KRISTE~1\AppData\Local\Temp\cchIC4Lg.s 			page 17


 523 00a1 61000000 		.4byte	0x61
 524 00a5 06       		.uleb128 0x6
 525 00a6 D7010000 		.4byte	.LASF15
 526 00aa 03       		.byte	0x3
 527 00ab EB01     		.2byte	0x1eb
 528 00ad 6F000000 		.4byte	0x6f
 529 00b1 04       		.uleb128 0x4
 530 00b2 04       		.byte	0x4
 531 00b3 04       		.byte	0x4
 532 00b4 6A000000 		.4byte	.LASF16
 533 00b8 04       		.uleb128 0x4
 534 00b9 08       		.byte	0x8
 535 00ba 04       		.byte	0x4
 536 00bb B2010000 		.4byte	.LASF17
 537 00bf 06       		.uleb128 0x6
 538 00c0 1C010000 		.4byte	.LASF18
 539 00c4 03       		.byte	0x3
 540 00c5 9302     		.2byte	0x293
 541 00c7 CB000000 		.4byte	0xcb
 542 00cb 07       		.uleb128 0x7
 543 00cc 8D000000 		.4byte	0x8d
 544 00d0 06       		.uleb128 0x6
 545 00d1 00000000 		.4byte	.LASF19
 546 00d5 03       		.byte	0x3
 547 00d6 9402     		.2byte	0x294
 548 00d8 DC000000 		.4byte	0xdc
 549 00dc 07       		.uleb128 0x7
 550 00dd 99000000 		.4byte	0x99
 551 00e1 08       		.uleb128 0x8
 552 00e2 70000000 		.4byte	.LASF42
 553 00e6 01       		.byte	0x1
 554 00e7 7F       		.byte	0x7f
 555 00e8 00000000 		.4byte	.LFB3
 556 00ec 02000000 		.4byte	.LFE3-.LFB3
 557 00f0 01       		.uleb128 0x1
 558 00f1 9C       		.byte	0x9c
 559 00f2 04010000 		.4byte	0x104
 560 00f6 09       		.uleb128 0x9
 561 00f7 CD010000 		.4byte	.LASF22
 562 00fb 01       		.byte	0x1
 563 00fc 7F       		.byte	0x7f
 564 00fd 8D000000 		.4byte	0x8d
 565 0101 01       		.uleb128 0x1
 566 0102 50       		.byte	0x50
 567 0103 00       		.byte	0
 568 0104 0A       		.uleb128 0xa
 569 0105 1B000000 		.4byte	.LASF20
 570 0109 01       		.byte	0x1
 571 010a ED       		.byte	0xed
 572 010b 00000000 		.4byte	.LFB5
 573 010f 28000000 		.4byte	.LFE5-.LFB5
 574 0113 01       		.uleb128 0x1
 575 0114 9C       		.byte	0x9c
 576 0115 29010000 		.4byte	0x129
 577 0119 0B       		.uleb128 0xb
 578 011a 87020000 		.4byte	.LASF24
 579 011e 01       		.byte	0x1
ARM GAS  C:\Users\KRISTE~1\AppData\Local\Temp\cchIC4Lg.s 			page 18


 580 011f EF       		.byte	0xef
 581 0120 8D000000 		.4byte	0x8d
 582 0124 00000000 		.4byte	.LLST0
 583 0128 00       		.byte	0
 584 0129 0A       		.uleb128 0xa
 585 012a 39010000 		.4byte	.LASF21
 586 012e 01       		.byte	0x1
 587 012f 4D       		.byte	0x4d
 588 0130 00000000 		.4byte	.LFB0
 589 0134 0C000000 		.4byte	.LFE0-.LFB0
 590 0138 01       		.uleb128 0x1
 591 0139 9C       		.byte	0x9c
 592 013a 76010000 		.4byte	0x176
 593 013e 0C       		.uleb128 0xc
 594 013f 7300     		.ascii	"s\000"
 595 0141 01       		.byte	0x1
 596 0142 4D       		.byte	0x4d
 597 0143 84000000 		.4byte	0x84
 598 0147 13000000 		.4byte	.LLST1
 599 014b 0C       		.uleb128 0xc
 600 014c 6E00     		.ascii	"n\000"
 601 014e 01       		.byte	0x1
 602 014f 4D       		.byte	0x4d
 603 0150 2C000000 		.4byte	0x2c
 604 0154 34000000 		.4byte	.LLST2
 605 0158 0D       		.uleb128 0xd
 606 0159 0A000000 		.4byte	.LVL5
 607 015d D8030000 		.4byte	0x3d8
 608 0161 0E       		.uleb128 0xe
 609 0162 01       		.uleb128 0x1
 610 0163 50       		.byte	0x50
 611 0164 03       		.uleb128 0x3
 612 0165 F3       		.byte	0xf3
 613 0166 01       		.uleb128 0x1
 614 0167 50       		.byte	0x50
 615 0168 0E       		.uleb128 0xe
 616 0169 01       		.uleb128 0x1
 617 016a 51       		.byte	0x51
 618 016b 01       		.uleb128 0x1
 619 016c 30       		.byte	0x30
 620 016d 0E       		.uleb128 0xe
 621 016e 01       		.uleb128 0x1
 622 016f 52       		.byte	0x52
 623 0170 03       		.uleb128 0x3
 624 0171 F3       		.byte	0xf3
 625 0172 01       		.uleb128 0x1
 626 0173 51       		.byte	0x51
 627 0174 00       		.byte	0
 628 0175 00       		.byte	0
 629 0176 0A       		.uleb128 0xa
 630 0177 44000000 		.4byte	.LASF23
 631 017b 01       		.byte	0x1
 632 017c B2       		.byte	0xb2
 633 017d 00000000 		.4byte	.LFB4
 634 0181 9C000000 		.4byte	.LFE4-.LFB4
 635 0185 01       		.uleb128 0x1
 636 0186 9C       		.byte	0x9c
ARM GAS  C:\Users\KRISTE~1\AppData\Local\Temp\cchIC4Lg.s 			page 19


 637 0187 CE010000 		.4byte	0x1ce
 638 018b 0B       		.uleb128 0xb
 639 018c 2C000000 		.4byte	.LASF25
 640 0190 01       		.byte	0x1
 641 0191 B4       		.byte	0xb4
 642 0192 A5000000 		.4byte	0xa5
 643 0196 60000000 		.4byte	.LLST3
 644 019a 0B       		.uleb128 0xb
 645 019b 62000000 		.4byte	.LASF26
 646 019f 01       		.byte	0x1
 647 01a0 B5       		.byte	0xb5
 648 01a1 8D000000 		.4byte	0x8d
 649 01a5 7F000000 		.4byte	.LLST4
 650 01a9 0F       		.uleb128 0xf
 651 01aa 4C000000 		.4byte	.LVL10
 652 01ae E1030000 		.4byte	0x3e1
 653 01b2 BE010000 		.4byte	0x1be
 654 01b6 0E       		.uleb128 0xe
 655 01b7 01       		.uleb128 0x1
 656 01b8 50       		.byte	0x50
 657 01b9 03       		.uleb128 0x3
 658 01ba 0A       		.byte	0xa
 659 01bb E001     		.2byte	0x1e0
 660 01bd 00       		.byte	0
 661 01be 0D       		.uleb128 0xd
 662 01bf 5C000000 		.4byte	.LVL12
 663 01c3 E1000000 		.4byte	0xe1
 664 01c7 0E       		.uleb128 0xe
 665 01c8 01       		.uleb128 0x1
 666 01c9 50       		.byte	0x50
 667 01ca 01       		.uleb128 0x1
 668 01cb 33       		.byte	0x33
 669 01cc 00       		.byte	0
 670 01cd 00       		.byte	0
 671 01ce 0A       		.uleb128 0xa
 672 01cf AE020000 		.4byte	.LASF27
 673 01d3 01       		.byte	0x1
 674 01d4 54       		.byte	0x54
 675 01d5 00000000 		.4byte	.LFB1
 676 01d9 08000000 		.4byte	.LFE1-.LFB1
 677 01dd 01       		.uleb128 0x1
 678 01de 9C       		.byte	0x9c
 679 01df 2E020000 		.4byte	0x22e
 680 01e3 10       		.uleb128 0x10
 681 01e4 84000000 		.4byte	.LASF28
 682 01e8 01       		.byte	0x1
 683 01e9 54       		.byte	0x54
 684 01ea 84000000 		.4byte	0x84
 685 01ee A9000000 		.4byte	.LLST5
 686 01f2 0C       		.uleb128 0xc
 687 01f3 73726300 		.ascii	"src\000"
 688 01f7 01       		.byte	0x1
 689 01f8 54       		.byte	0x54
 690 01f9 2E020000 		.4byte	0x22e
 691 01fd CA000000 		.4byte	.LLST6
 692 0201 0C       		.uleb128 0xc
 693 0202 6E00     		.ascii	"n\000"
ARM GAS  C:\Users\KRISTE~1\AppData\Local\Temp\cchIC4Lg.s 			page 20


 694 0204 01       		.byte	0x1
 695 0205 54       		.byte	0x54
 696 0206 2C000000 		.4byte	0x2c
 697 020a EB000000 		.4byte	.LLST7
 698 020e 0D       		.uleb128 0xd
 699 020f 06000000 		.4byte	.LVL15
 700 0213 EC030000 		.4byte	0x3ec
 701 0217 0E       		.uleb128 0xe
 702 0218 01       		.uleb128 0x1
 703 0219 50       		.byte	0x50
 704 021a 03       		.uleb128 0x3
 705 021b F3       		.byte	0xf3
 706 021c 01       		.uleb128 0x1
 707 021d 50       		.byte	0x50
 708 021e 0E       		.uleb128 0xe
 709 021f 01       		.uleb128 0x1
 710 0220 51       		.byte	0x51
 711 0221 03       		.uleb128 0x3
 712 0222 F3       		.byte	0xf3
 713 0223 01       		.uleb128 0x1
 714 0224 51       		.byte	0x51
 715 0225 0E       		.uleb128 0xe
 716 0226 01       		.uleb128 0x1
 717 0227 52       		.byte	0x52
 718 0228 03       		.uleb128 0x3
 719 0229 F3       		.byte	0xf3
 720 022a 01       		.uleb128 0x1
 721 022b 52       		.byte	0x52
 722 022c 00       		.byte	0
 723 022d 00       		.byte	0
 724 022e 11       		.uleb128 0x11
 725 022f 04       		.byte	0x4
 726 0230 34020000 		.4byte	0x234
 727 0234 12       		.uleb128 0x12
 728 0235 13       		.uleb128 0x13
 729 0236 87010000 		.4byte	.LASF31
 730 023a 01       		.byte	0x1
 731 023b 0701     		.2byte	0x107
 732 023d 00000000 		.4byte	.LFB6
 733 0241 10000000 		.4byte	.LFE6-.LFB6
 734 0245 01       		.uleb128 0x1
 735 0246 9C       		.byte	0x9c
 736 0247 68020000 		.4byte	0x268
 737 024b 14       		.uleb128 0x14
 738 024c 65020000 		.4byte	.LASF29
 739 0250 01       		.byte	0x1
 740 0251 0701     		.2byte	0x107
 741 0253 8D000000 		.4byte	0x8d
 742 0257 01       		.uleb128 0x1
 743 0258 50       		.byte	0x50
 744 0259 15       		.uleb128 0x15
 745 025a A5020000 		.4byte	.LASF30
 746 025e 01       		.byte	0x1
 747 025f 0901     		.2byte	0x109
 748 0261 8D000000 		.4byte	0x8d
 749 0265 01       		.uleb128 0x1
 750 0266 53       		.byte	0x53
ARM GAS  C:\Users\KRISTE~1\AppData\Local\Temp\cchIC4Lg.s 			page 21


 751 0267 00       		.byte	0
 752 0268 13       		.uleb128 0x13
 753 0269 B9010000 		.4byte	.LASF32
 754 026d 01       		.byte	0x1
 755 026e 2901     		.2byte	0x129
 756 0270 00000000 		.4byte	.LFB7
 757 0274 C8000000 		.4byte	.LFE7-.LFB7
 758 0278 01       		.uleb128 0x1
 759 0279 9C       		.byte	0x9c
 760 027a D8030000 		.4byte	0x3d8
 761 027e 16       		.uleb128 0x16
 762 027f 0E000000 		.4byte	.LBB2
 763 0283 36000000 		.4byte	.LBE2-.LBB2
 764 0287 37030000 		.4byte	0x337
 765 028b 17       		.uleb128 0x17
 766 028c 06       		.byte	0x6
 767 028d 01       		.byte	0x1
 768 028e 3501     		.2byte	0x135
 769 0290 AF020000 		.4byte	0x2af
 770 0294 18       		.uleb128 0x18
 771 0295 EB010000 		.4byte	.LASF33
 772 0299 01       		.byte	0x1
 773 029a 3601     		.2byte	0x136
 774 029c 84000000 		.4byte	0x84
 775 02a0 00       		.byte	0
 776 02a1 18       		.uleb128 0x18
 777 02a2 89000000 		.4byte	.LASF34
 778 02a6 01       		.byte	0x1
 779 02a7 3701     		.2byte	0x137
 780 02a9 99000000 		.4byte	0x99
 781 02ad 04       		.byte	0x4
 782 02ae 00       		.byte	0
 783 02af 06       		.uleb128 0x6
 784 02b0 0A020000 		.4byte	.LASF35
 785 02b4 01       		.byte	0x1
 786 02b5 3801     		.2byte	0x138
 787 02b7 8B020000 		.4byte	0x28b
 788 02bb 19       		.uleb128 0x19
 789 02bc CB020000 		.4byte	0x2cb
 790 02c0 CB020000 		.4byte	0x2cb
 791 02c4 1A       		.uleb128 0x1a
 792 02c5 7D000000 		.4byte	0x7d
 793 02c9 09       		.byte	0x9
 794 02ca 00       		.byte	0
 795 02cb 1B       		.uleb128 0x1b
 796 02cc AF020000 		.4byte	0x2af
 797 02d0 15       		.uleb128 0x15
 798 02d1 34000000 		.4byte	.LASF36
 799 02d5 01       		.byte	0x1
 800 02d6 3A01     		.2byte	0x13a
 801 02d8 E2020000 		.4byte	0x2e2
 802 02dc 05       		.uleb128 0x5
 803 02dd 03       		.byte	0x3
 804 02de 00000000 		.4byte	cfg_memset_list.4992
 805 02e2 1B       		.uleb128 0x1b
 806 02e3 BB020000 		.4byte	0x2bb
 807 02e7 1C       		.uleb128 0x1c
ARM GAS  C:\Users\KRISTE~1\AppData\Local\Temp\cchIC4Lg.s 			page 22


 808 02e8 6900     		.ascii	"i\000"
 809 02ea 01       		.byte	0x1
 810 02eb 4801     		.2byte	0x148
 811 02ed 8D000000 		.4byte	0x8d
 812 02f1 0C010000 		.4byte	.LLST8
 813 02f5 1D       		.uleb128 0x1d
 814 02f6 12000000 		.4byte	.LBB3
 815 02fa 16000000 		.4byte	.LBE3-.LBB3
 816 02fe 1C       		.uleb128 0x1c
 817 02ff 6D7300   		.ascii	"ms\000"
 818 0302 01       		.byte	0x1
 819 0303 4D01     		.2byte	0x14d
 820 0305 0D030000 		.4byte	0x30d
 821 0309 36010000 		.4byte	.LLST9
 822 030d 11       		.uleb128 0x11
 823 030e 04       		.byte	0x4
 824 030f CB020000 		.4byte	0x2cb
 825 0313 0D       		.uleb128 0xd
 826 0314 28000000 		.4byte	.LVL20
 827 0318 29010000 		.4byte	0x129
 828 031c 0E       		.uleb128 0xe
 829 031d 01       		.uleb128 0x1
 830 031e 51       		.byte	0x51
 831 031f 14       		.uleb128 0x14
 832 0320 74       		.byte	0x74
 833 0321 00       		.sleb128 0
 834 0322 31       		.byte	0x31
 835 0323 24       		.byte	0x24
 836 0324 74       		.byte	0x74
 837 0325 00       		.sleb128 0
 838 0326 22       		.byte	0x22
 839 0327 31       		.byte	0x31
 840 0328 24       		.byte	0x24
 841 0329 75       		.byte	0x75
 842 032a 00       		.sleb128 0
 843 032b 22       		.byte	0x22
 844 032c 23       		.byte	0x23
 845 032d 04       		.uleb128 0x4
 846 032e 94       		.byte	0x94
 847 032f 02       		.byte	0x2
 848 0330 0A       		.byte	0xa
 849 0331 FFFF     		.2byte	0xffff
 850 0333 1A       		.byte	0x1a
 851 0334 00       		.byte	0
 852 0335 00       		.byte	0
 853 0336 00       		.byte	0
 854 0337 0F       		.uleb128 0xf
 855 0338 50000000 		.4byte	.LVL23
 856 033c CE010000 		.4byte	0x1ce
 857 0340 5A030000 		.4byte	0x35a
 858 0344 0E       		.uleb128 0xe
 859 0345 01       		.uleb128 0x1
 860 0346 50       		.byte	0x50
 861 0347 05       		.uleb128 0x5
 862 0348 0C       		.byte	0xc
 863 0349 12510040 		.4byte	0x40005112
 864 034d 0E       		.uleb128 0xe
ARM GAS  C:\Users\KRISTE~1\AppData\Local\Temp\cchIC4Lg.s 			page 23


 865 034e 01       		.uleb128 0x1
 866 034f 51       		.byte	0x51
 867 0350 03       		.uleb128 0x3
 868 0351 42       		.byte	0x42
 869 0352 4A       		.byte	0x4a
 870 0353 24       		.byte	0x24
 871 0354 0E       		.uleb128 0xe
 872 0355 01       		.uleb128 0x1
 873 0356 52       		.byte	0x52
 874 0357 01       		.uleb128 0x1
 875 0358 38       		.byte	0x38
 876 0359 00       		.byte	0
 877 035a 0F       		.uleb128 0xf
 878 035b 5A000000 		.4byte	.LVL24
 879 035f CE010000 		.4byte	0x1ce
 880 0363 7F030000 		.4byte	0x37f
 881 0367 0E       		.uleb128 0xe
 882 0368 01       		.uleb128 0x1
 883 0369 50       		.byte	0x50
 884 036a 05       		.uleb128 0x5
 885 036b 0C       		.byte	0xc
 886 036c 22510040 		.4byte	0x40005122
 887 0370 0E       		.uleb128 0xe
 888 0371 01       		.uleb128 0x1
 889 0372 51       		.byte	0x51
 890 0373 05       		.uleb128 0x5
 891 0374 0C       		.byte	0xc
 892 0375 08000048 		.4byte	0x48000008
 893 0379 0E       		.uleb128 0xe
 894 037a 01       		.uleb128 0x1
 895 037b 52       		.byte	0x52
 896 037c 01       		.uleb128 0x1
 897 037d 38       		.byte	0x38
 898 037e 00       		.byte	0
 899 037f 0F       		.uleb128 0xf
 900 0380 64000000 		.4byte	.LVL25
 901 0384 CE010000 		.4byte	0x1ce
 902 0388 A4030000 		.4byte	0x3a4
 903 038c 0E       		.uleb128 0xe
 904 038d 01       		.uleb128 0x1
 905 038e 50       		.byte	0x50
 906 038f 05       		.uleb128 0x5
 907 0390 0C       		.byte	0xc
 908 0391 52510040 		.4byte	0x40005152
 909 0395 0E       		.uleb128 0xe
 910 0396 01       		.uleb128 0x1
 911 0397 51       		.byte	0x51
 912 0398 05       		.uleb128 0x5
 913 0399 0C       		.byte	0xc
 914 039a 10000048 		.4byte	0x48000010
 915 039e 0E       		.uleb128 0xe
 916 039f 01       		.uleb128 0x1
 917 03a0 52       		.byte	0x52
 918 03a1 01       		.uleb128 0x1
 919 03a2 38       		.byte	0x38
 920 03a3 00       		.byte	0
 921 03a4 1E       		.uleb128 0x1e
ARM GAS  C:\Users\KRISTE~1\AppData\Local\Temp\cchIC4Lg.s 			page 24


 922 03a5 78000000 		.4byte	.LVL27
 923 03a9 76010000 		.4byte	0x176
 924 03ad 1E       		.uleb128 0x1e
 925 03ae 86000000 		.4byte	.LVL28
 926 03b2 04010000 		.4byte	0x104
 927 03b6 0D       		.uleb128 0xd
 928 03b7 90000000 		.4byte	.LVL29
 929 03bb CE010000 		.4byte	0x1ce
 930 03bf 0E       		.uleb128 0xe
 931 03c0 01       		.uleb128 0x1
 932 03c1 50       		.byte	0x50
 933 03c2 05       		.uleb128 0x5
 934 03c3 0C       		.byte	0xc
 935 03c4 B0430040 		.4byte	0x400043b0
 936 03c8 0E       		.uleb128 0xe
 937 03c9 01       		.uleb128 0x1
 938 03ca 51       		.byte	0x51
 939 03cb 05       		.uleb128 0x5
 940 03cc 0C       		.byte	0xc
 941 03cd A0430040 		.4byte	0x400043a0
 942 03d1 0E       		.uleb128 0xe
 943 03d2 01       		.uleb128 0x1
 944 03d3 52       		.byte	0x52
 945 03d4 01       		.uleb128 0x1
 946 03d5 3E       		.byte	0x3e
 947 03d6 00       		.byte	0
 948 03d7 00       		.byte	0
 949 03d8 1F       		.uleb128 0x1f
 950 03d9 AB010000 		.4byte	.LASF37
 951 03dd AB010000 		.4byte	.LASF37
 952 03e1 20       		.uleb128 0x20
 953 03e2 06000000 		.4byte	.LASF43
 954 03e6 06000000 		.4byte	.LASF43
 955 03ea 04       		.byte	0x4
 956 03eb 79       		.byte	0x79
 957 03ec 1F       		.uleb128 0x1f
 958 03ed 54020000 		.4byte	.LASF38
 959 03f1 54020000 		.4byte	.LASF38
 960 03f5 00       		.byte	0
 961              		.section	.debug_abbrev,"",%progbits
 962              	.Ldebug_abbrev0:
 963 0000 01       		.uleb128 0x1
 964 0001 11       		.uleb128 0x11
 965 0002 01       		.byte	0x1
 966 0003 25       		.uleb128 0x25
 967 0004 0E       		.uleb128 0xe
 968 0005 13       		.uleb128 0x13
 969 0006 0B       		.uleb128 0xb
 970 0007 03       		.uleb128 0x3
 971 0008 0E       		.uleb128 0xe
 972 0009 1B       		.uleb128 0x1b
 973 000a 0E       		.uleb128 0xe
 974 000b 55       		.uleb128 0x55
 975 000c 17       		.uleb128 0x17
 976 000d 11       		.uleb128 0x11
 977 000e 01       		.uleb128 0x1
 978 000f 10       		.uleb128 0x10
ARM GAS  C:\Users\KRISTE~1\AppData\Local\Temp\cchIC4Lg.s 			page 25


 979 0010 17       		.uleb128 0x17
 980 0011 00       		.byte	0
 981 0012 00       		.byte	0
 982 0013 02       		.uleb128 0x2
 983 0014 24       		.uleb128 0x24
 984 0015 00       		.byte	0
 985 0016 0B       		.uleb128 0xb
 986 0017 0B       		.uleb128 0xb
 987 0018 3E       		.uleb128 0x3e
 988 0019 0B       		.uleb128 0xb
 989 001a 03       		.uleb128 0x3
 990 001b 08       		.uleb128 0x8
 991 001c 00       		.byte	0
 992 001d 00       		.byte	0
 993 001e 03       		.uleb128 0x3
 994 001f 16       		.uleb128 0x16
 995 0020 00       		.byte	0
 996 0021 03       		.uleb128 0x3
 997 0022 0E       		.uleb128 0xe
 998 0023 3A       		.uleb128 0x3a
 999 0024 0B       		.uleb128 0xb
 1000 0025 3B       		.uleb128 0x3b
 1001 0026 0B       		.uleb128 0xb
 1002 0027 49       		.uleb128 0x49
 1003 0028 13       		.uleb128 0x13
 1004 0029 00       		.byte	0
 1005 002a 00       		.byte	0
 1006 002b 04       		.uleb128 0x4
 1007 002c 24       		.uleb128 0x24
 1008 002d 00       		.byte	0
 1009 002e 0B       		.uleb128 0xb
 1010 002f 0B       		.uleb128 0xb
 1011 0030 3E       		.uleb128 0x3e
 1012 0031 0B       		.uleb128 0xb
 1013 0032 03       		.uleb128 0x3
 1014 0033 0E       		.uleb128 0xe
 1015 0034 00       		.byte	0
 1016 0035 00       		.byte	0
 1017 0036 05       		.uleb128 0x5
 1018 0037 0F       		.uleb128 0xf
 1019 0038 00       		.byte	0
 1020 0039 0B       		.uleb128 0xb
 1021 003a 0B       		.uleb128 0xb
 1022 003b 00       		.byte	0
 1023 003c 00       		.byte	0
 1024 003d 06       		.uleb128 0x6
 1025 003e 16       		.uleb128 0x16
 1026 003f 00       		.byte	0
 1027 0040 03       		.uleb128 0x3
 1028 0041 0E       		.uleb128 0xe
 1029 0042 3A       		.uleb128 0x3a
 1030 0043 0B       		.uleb128 0xb
 1031 0044 3B       		.uleb128 0x3b
 1032 0045 05       		.uleb128 0x5
 1033 0046 49       		.uleb128 0x49
 1034 0047 13       		.uleb128 0x13
 1035 0048 00       		.byte	0
ARM GAS  C:\Users\KRISTE~1\AppData\Local\Temp\cchIC4Lg.s 			page 26


 1036 0049 00       		.byte	0
 1037 004a 07       		.uleb128 0x7
 1038 004b 35       		.uleb128 0x35
 1039 004c 00       		.byte	0
 1040 004d 49       		.uleb128 0x49
 1041 004e 13       		.uleb128 0x13
 1042 004f 00       		.byte	0
 1043 0050 00       		.byte	0
 1044 0051 08       		.uleb128 0x8
 1045 0052 2E       		.uleb128 0x2e
 1046 0053 01       		.byte	0x1
 1047 0054 03       		.uleb128 0x3
 1048 0055 0E       		.uleb128 0xe
 1049 0056 3A       		.uleb128 0x3a
 1050 0057 0B       		.uleb128 0xb
 1051 0058 3B       		.uleb128 0x3b
 1052 0059 0B       		.uleb128 0xb
 1053 005a 27       		.uleb128 0x27
 1054 005b 19       		.uleb128 0x19
 1055 005c 8701     		.uleb128 0x87
 1056 005e 19       		.uleb128 0x19
 1057 005f 11       		.uleb128 0x11
 1058 0060 01       		.uleb128 0x1
 1059 0061 12       		.uleb128 0x12
 1060 0062 06       		.uleb128 0x6
 1061 0063 40       		.uleb128 0x40
 1062 0064 18       		.uleb128 0x18
 1063 0065 9742     		.uleb128 0x2117
 1064 0067 19       		.uleb128 0x19
 1065 0068 01       		.uleb128 0x1
 1066 0069 13       		.uleb128 0x13
 1067 006a 00       		.byte	0
 1068 006b 00       		.byte	0
 1069 006c 09       		.uleb128 0x9
 1070 006d 05       		.uleb128 0x5
 1071 006e 00       		.byte	0
 1072 006f 03       		.uleb128 0x3
 1073 0070 0E       		.uleb128 0xe
 1074 0071 3A       		.uleb128 0x3a
 1075 0072 0B       		.uleb128 0xb
 1076 0073 3B       		.uleb128 0x3b
 1077 0074 0B       		.uleb128 0xb
 1078 0075 49       		.uleb128 0x49
 1079 0076 13       		.uleb128 0x13
 1080 0077 02       		.uleb128 0x2
 1081 0078 18       		.uleb128 0x18
 1082 0079 00       		.byte	0
 1083 007a 00       		.byte	0
 1084 007b 0A       		.uleb128 0xa
 1085 007c 2E       		.uleb128 0x2e
 1086 007d 01       		.byte	0x1
 1087 007e 03       		.uleb128 0x3
 1088 007f 0E       		.uleb128 0xe
 1089 0080 3A       		.uleb128 0x3a
 1090 0081 0B       		.uleb128 0xb
 1091 0082 3B       		.uleb128 0x3b
 1092 0083 0B       		.uleb128 0xb
ARM GAS  C:\Users\KRISTE~1\AppData\Local\Temp\cchIC4Lg.s 			page 27


 1093 0084 27       		.uleb128 0x27
 1094 0085 19       		.uleb128 0x19
 1095 0086 11       		.uleb128 0x11
 1096 0087 01       		.uleb128 0x1
 1097 0088 12       		.uleb128 0x12
 1098 0089 06       		.uleb128 0x6
 1099 008a 40       		.uleb128 0x40
 1100 008b 18       		.uleb128 0x18
 1101 008c 9742     		.uleb128 0x2117
 1102 008e 19       		.uleb128 0x19
 1103 008f 01       		.uleb128 0x1
 1104 0090 13       		.uleb128 0x13
 1105 0091 00       		.byte	0
 1106 0092 00       		.byte	0
 1107 0093 0B       		.uleb128 0xb
 1108 0094 34       		.uleb128 0x34
 1109 0095 00       		.byte	0
 1110 0096 03       		.uleb128 0x3
 1111 0097 0E       		.uleb128 0xe
 1112 0098 3A       		.uleb128 0x3a
 1113 0099 0B       		.uleb128 0xb
 1114 009a 3B       		.uleb128 0x3b
 1115 009b 0B       		.uleb128 0xb
 1116 009c 49       		.uleb128 0x49
 1117 009d 13       		.uleb128 0x13
 1118 009e 02       		.uleb128 0x2
 1119 009f 17       		.uleb128 0x17
 1120 00a0 00       		.byte	0
 1121 00a1 00       		.byte	0
 1122 00a2 0C       		.uleb128 0xc
 1123 00a3 05       		.uleb128 0x5
 1124 00a4 00       		.byte	0
 1125 00a5 03       		.uleb128 0x3
 1126 00a6 08       		.uleb128 0x8
 1127 00a7 3A       		.uleb128 0x3a
 1128 00a8 0B       		.uleb128 0xb
 1129 00a9 3B       		.uleb128 0x3b
 1130 00aa 0B       		.uleb128 0xb
 1131 00ab 49       		.uleb128 0x49
 1132 00ac 13       		.uleb128 0x13
 1133 00ad 02       		.uleb128 0x2
 1134 00ae 17       		.uleb128 0x17
 1135 00af 00       		.byte	0
 1136 00b0 00       		.byte	0
 1137 00b1 0D       		.uleb128 0xd
 1138 00b2 898201   		.uleb128 0x4109
 1139 00b5 01       		.byte	0x1
 1140 00b6 11       		.uleb128 0x11
 1141 00b7 01       		.uleb128 0x1
 1142 00b8 31       		.uleb128 0x31
 1143 00b9 13       		.uleb128 0x13
 1144 00ba 00       		.byte	0
 1145 00bb 00       		.byte	0
 1146 00bc 0E       		.uleb128 0xe
 1147 00bd 8A8201   		.uleb128 0x410a
 1148 00c0 00       		.byte	0
 1149 00c1 02       		.uleb128 0x2
ARM GAS  C:\Users\KRISTE~1\AppData\Local\Temp\cchIC4Lg.s 			page 28


 1150 00c2 18       		.uleb128 0x18
 1151 00c3 9142     		.uleb128 0x2111
 1152 00c5 18       		.uleb128 0x18
 1153 00c6 00       		.byte	0
 1154 00c7 00       		.byte	0
 1155 00c8 0F       		.uleb128 0xf
 1156 00c9 898201   		.uleb128 0x4109
 1157 00cc 01       		.byte	0x1
 1158 00cd 11       		.uleb128 0x11
 1159 00ce 01       		.uleb128 0x1
 1160 00cf 31       		.uleb128 0x31
 1161 00d0 13       		.uleb128 0x13
 1162 00d1 01       		.uleb128 0x1
 1163 00d2 13       		.uleb128 0x13
 1164 00d3 00       		.byte	0
 1165 00d4 00       		.byte	0
 1166 00d5 10       		.uleb128 0x10
 1167 00d6 05       		.uleb128 0x5
 1168 00d7 00       		.byte	0
 1169 00d8 03       		.uleb128 0x3
 1170 00d9 0E       		.uleb128 0xe
 1171 00da 3A       		.uleb128 0x3a
 1172 00db 0B       		.uleb128 0xb
 1173 00dc 3B       		.uleb128 0x3b
 1174 00dd 0B       		.uleb128 0xb
 1175 00de 49       		.uleb128 0x49
 1176 00df 13       		.uleb128 0x13
 1177 00e0 02       		.uleb128 0x2
 1178 00e1 17       		.uleb128 0x17
 1179 00e2 00       		.byte	0
 1180 00e3 00       		.byte	0
 1181 00e4 11       		.uleb128 0x11
 1182 00e5 0F       		.uleb128 0xf
 1183 00e6 00       		.byte	0
 1184 00e7 0B       		.uleb128 0xb
 1185 00e8 0B       		.uleb128 0xb
 1186 00e9 49       		.uleb128 0x49
 1187 00ea 13       		.uleb128 0x13
 1188 00eb 00       		.byte	0
 1189 00ec 00       		.byte	0
 1190 00ed 12       		.uleb128 0x12
 1191 00ee 26       		.uleb128 0x26
 1192 00ef 00       		.byte	0
 1193 00f0 00       		.byte	0
 1194 00f1 00       		.byte	0
 1195 00f2 13       		.uleb128 0x13
 1196 00f3 2E       		.uleb128 0x2e
 1197 00f4 01       		.byte	0x1
 1198 00f5 3F       		.uleb128 0x3f
 1199 00f6 19       		.uleb128 0x19
 1200 00f7 03       		.uleb128 0x3
 1201 00f8 0E       		.uleb128 0xe
 1202 00f9 3A       		.uleb128 0x3a
 1203 00fa 0B       		.uleb128 0xb
 1204 00fb 3B       		.uleb128 0x3b
 1205 00fc 05       		.uleb128 0x5
 1206 00fd 27       		.uleb128 0x27
ARM GAS  C:\Users\KRISTE~1\AppData\Local\Temp\cchIC4Lg.s 			page 29


 1207 00fe 19       		.uleb128 0x19
 1208 00ff 11       		.uleb128 0x11
 1209 0100 01       		.uleb128 0x1
 1210 0101 12       		.uleb128 0x12
 1211 0102 06       		.uleb128 0x6
 1212 0103 40       		.uleb128 0x40
 1213 0104 18       		.uleb128 0x18
 1214 0105 9742     		.uleb128 0x2117
 1215 0107 19       		.uleb128 0x19
 1216 0108 01       		.uleb128 0x1
 1217 0109 13       		.uleb128 0x13
 1218 010a 00       		.byte	0
 1219 010b 00       		.byte	0
 1220 010c 14       		.uleb128 0x14
 1221 010d 05       		.uleb128 0x5
 1222 010e 00       		.byte	0
 1223 010f 03       		.uleb128 0x3
 1224 0110 0E       		.uleb128 0xe
 1225 0111 3A       		.uleb128 0x3a
 1226 0112 0B       		.uleb128 0xb
 1227 0113 3B       		.uleb128 0x3b
 1228 0114 05       		.uleb128 0x5
 1229 0115 49       		.uleb128 0x49
 1230 0116 13       		.uleb128 0x13
 1231 0117 02       		.uleb128 0x2
 1232 0118 18       		.uleb128 0x18
 1233 0119 00       		.byte	0
 1234 011a 00       		.byte	0
 1235 011b 15       		.uleb128 0x15
 1236 011c 34       		.uleb128 0x34
 1237 011d 00       		.byte	0
 1238 011e 03       		.uleb128 0x3
 1239 011f 0E       		.uleb128 0xe
 1240 0120 3A       		.uleb128 0x3a
 1241 0121 0B       		.uleb128 0xb
 1242 0122 3B       		.uleb128 0x3b
 1243 0123 05       		.uleb128 0x5
 1244 0124 49       		.uleb128 0x49
 1245 0125 13       		.uleb128 0x13
 1246 0126 02       		.uleb128 0x2
 1247 0127 18       		.uleb128 0x18
 1248 0128 00       		.byte	0
 1249 0129 00       		.byte	0
 1250 012a 16       		.uleb128 0x16
 1251 012b 0B       		.uleb128 0xb
 1252 012c 01       		.byte	0x1
 1253 012d 11       		.uleb128 0x11
 1254 012e 01       		.uleb128 0x1
 1255 012f 12       		.uleb128 0x12
 1256 0130 06       		.uleb128 0x6
 1257 0131 01       		.uleb128 0x1
 1258 0132 13       		.uleb128 0x13
 1259 0133 00       		.byte	0
 1260 0134 00       		.byte	0
 1261 0135 17       		.uleb128 0x17
 1262 0136 13       		.uleb128 0x13
 1263 0137 01       		.byte	0x1
ARM GAS  C:\Users\KRISTE~1\AppData\Local\Temp\cchIC4Lg.s 			page 30


 1264 0138 0B       		.uleb128 0xb
 1265 0139 0B       		.uleb128 0xb
 1266 013a 3A       		.uleb128 0x3a
 1267 013b 0B       		.uleb128 0xb
 1268 013c 3B       		.uleb128 0x3b
 1269 013d 05       		.uleb128 0x5
 1270 013e 01       		.uleb128 0x1
 1271 013f 13       		.uleb128 0x13
 1272 0140 00       		.byte	0
 1273 0141 00       		.byte	0
 1274 0142 18       		.uleb128 0x18
 1275 0143 0D       		.uleb128 0xd
 1276 0144 00       		.byte	0
 1277 0145 03       		.uleb128 0x3
 1278 0146 0E       		.uleb128 0xe
 1279 0147 3A       		.uleb128 0x3a
 1280 0148 0B       		.uleb128 0xb
 1281 0149 3B       		.uleb128 0x3b
 1282 014a 05       		.uleb128 0x5
 1283 014b 49       		.uleb128 0x49
 1284 014c 13       		.uleb128 0x13
 1285 014d 38       		.uleb128 0x38
 1286 014e 0B       		.uleb128 0xb
 1287 014f 00       		.byte	0
 1288 0150 00       		.byte	0
 1289 0151 19       		.uleb128 0x19
 1290 0152 01       		.uleb128 0x1
 1291 0153 01       		.byte	0x1
 1292 0154 49       		.uleb128 0x49
 1293 0155 13       		.uleb128 0x13
 1294 0156 01       		.uleb128 0x1
 1295 0157 13       		.uleb128 0x13
 1296 0158 00       		.byte	0
 1297 0159 00       		.byte	0
 1298 015a 1A       		.uleb128 0x1a
 1299 015b 21       		.uleb128 0x21
 1300 015c 00       		.byte	0
 1301 015d 49       		.uleb128 0x49
 1302 015e 13       		.uleb128 0x13
 1303 015f 2F       		.uleb128 0x2f
 1304 0160 0B       		.uleb128 0xb
 1305 0161 00       		.byte	0
 1306 0162 00       		.byte	0
 1307 0163 1B       		.uleb128 0x1b
 1308 0164 26       		.uleb128 0x26
 1309 0165 00       		.byte	0
 1310 0166 49       		.uleb128 0x49
 1311 0167 13       		.uleb128 0x13
 1312 0168 00       		.byte	0
 1313 0169 00       		.byte	0
 1314 016a 1C       		.uleb128 0x1c
 1315 016b 34       		.uleb128 0x34
 1316 016c 00       		.byte	0
 1317 016d 03       		.uleb128 0x3
 1318 016e 08       		.uleb128 0x8
 1319 016f 3A       		.uleb128 0x3a
 1320 0170 0B       		.uleb128 0xb
ARM GAS  C:\Users\KRISTE~1\AppData\Local\Temp\cchIC4Lg.s 			page 31


 1321 0171 3B       		.uleb128 0x3b
 1322 0172 05       		.uleb128 0x5
 1323 0173 49       		.uleb128 0x49
 1324 0174 13       		.uleb128 0x13
 1325 0175 02       		.uleb128 0x2
 1326 0176 17       		.uleb128 0x17
 1327 0177 00       		.byte	0
 1328 0178 00       		.byte	0
 1329 0179 1D       		.uleb128 0x1d
 1330 017a 0B       		.uleb128 0xb
 1331 017b 01       		.byte	0x1
 1332 017c 11       		.uleb128 0x11
 1333 017d 01       		.uleb128 0x1
 1334 017e 12       		.uleb128 0x12
 1335 017f 06       		.uleb128 0x6
 1336 0180 00       		.byte	0
 1337 0181 00       		.byte	0
 1338 0182 1E       		.uleb128 0x1e
 1339 0183 898201   		.uleb128 0x4109
 1340 0186 00       		.byte	0
 1341 0187 11       		.uleb128 0x11
 1342 0188 01       		.uleb128 0x1
 1343 0189 31       		.uleb128 0x31
 1344 018a 13       		.uleb128 0x13
 1345 018b 00       		.byte	0
 1346 018c 00       		.byte	0
 1347 018d 1F       		.uleb128 0x1f
 1348 018e 2E       		.uleb128 0x2e
 1349 018f 00       		.byte	0
 1350 0190 3F       		.uleb128 0x3f
 1351 0191 19       		.uleb128 0x19
 1352 0192 3C       		.uleb128 0x3c
 1353 0193 19       		.uleb128 0x19
 1354 0194 6E       		.uleb128 0x6e
 1355 0195 0E       		.uleb128 0xe
 1356 0196 03       		.uleb128 0x3
 1357 0197 0E       		.uleb128 0xe
 1358 0198 00       		.byte	0
 1359 0199 00       		.byte	0
 1360 019a 20       		.uleb128 0x20
 1361 019b 2E       		.uleb128 0x2e
 1362 019c 00       		.byte	0
 1363 019d 3F       		.uleb128 0x3f
 1364 019e 19       		.uleb128 0x19
 1365 019f 3C       		.uleb128 0x3c
 1366 01a0 19       		.uleb128 0x19
 1367 01a1 6E       		.uleb128 0x6e
 1368 01a2 0E       		.uleb128 0xe
 1369 01a3 03       		.uleb128 0x3
 1370 01a4 0E       		.uleb128 0xe
 1371 01a5 3A       		.uleb128 0x3a
 1372 01a6 0B       		.uleb128 0xb
 1373 01a7 3B       		.uleb128 0x3b
 1374 01a8 0B       		.uleb128 0xb
 1375 01a9 00       		.byte	0
 1376 01aa 00       		.byte	0
 1377 01ab 00       		.byte	0
ARM GAS  C:\Users\KRISTE~1\AppData\Local\Temp\cchIC4Lg.s 			page 32


 1378              		.section	.debug_loc,"",%progbits
 1379              	.Ldebug_loc0:
 1380              	.LLST0:
 1381 0000 06000000 		.4byte	.LVL1
 1382 0004 10000000 		.4byte	.LVL2
 1383 0008 0100     		.2byte	0x1
 1384 000a 53       		.byte	0x53
 1385 000b 00000000 		.4byte	0
 1386 000f 00000000 		.4byte	0
 1387              	.LLST1:
 1388 0013 00000000 		.4byte	.LVL3
 1389 0017 09000000 		.4byte	.LVL5-1
 1390 001b 0100     		.2byte	0x1
 1391 001d 50       		.byte	0x50
 1392 001e 09000000 		.4byte	.LVL5-1
 1393 0022 0C000000 		.4byte	.LFE0
 1394 0026 0400     		.2byte	0x4
 1395 0028 F3       		.byte	0xf3
 1396 0029 01       		.uleb128 0x1
 1397 002a 50       		.byte	0x50
 1398 002b 9F       		.byte	0x9f
 1399 002c 00000000 		.4byte	0
 1400 0030 00000000 		.4byte	0
 1401              	.LLST2:
 1402 0034 00000000 		.4byte	.LVL3
 1403 0038 06000000 		.4byte	.LVL4
 1404 003c 0100     		.2byte	0x1
 1405 003e 51       		.byte	0x51
 1406 003f 06000000 		.4byte	.LVL4
 1407 0043 09000000 		.4byte	.LVL5-1
 1408 0047 0100     		.2byte	0x1
 1409 0049 52       		.byte	0x52
 1410 004a 09000000 		.4byte	.LVL5-1
 1411 004e 0C000000 		.4byte	.LFE0
 1412 0052 0400     		.2byte	0x4
 1413 0054 F3       		.byte	0xf3
 1414 0055 01       		.uleb128 0x1
 1415 0056 51       		.byte	0x51
 1416 0057 9F       		.byte	0x9f
 1417 0058 00000000 		.4byte	0
 1418 005c 00000000 		.4byte	0
 1419              	.LLST3:
 1420 0060 2E000000 		.4byte	.LVL6
 1421 0064 34000000 		.4byte	.LVL7
 1422 0068 0200     		.2byte	0x2
 1423 006a 49       		.byte	0x49
 1424 006b 9F       		.byte	0x9f
 1425 006c 34000000 		.4byte	.LVL7
 1426 0070 7E000000 		.4byte	.LVL13
 1427 0074 0100     		.2byte	0x1
 1428 0076 55       		.byte	0x55
 1429 0077 00000000 		.4byte	0
 1430 007b 00000000 		.4byte	0
 1431              	.LLST4:
 1432 007f 2E000000 		.4byte	.LVL6
 1433 0083 34000000 		.4byte	.LVL7
 1434 0087 0200     		.2byte	0x2
ARM GAS  C:\Users\KRISTE~1\AppData\Local\Temp\cchIC4Lg.s 			page 33


 1435 0089 30       		.byte	0x30
 1436 008a 9F       		.byte	0x9f
 1437 008b 34000000 		.4byte	.LVL7
 1438 008f 40000000 		.4byte	.LVL8
 1439 0093 0100     		.2byte	0x1
 1440 0095 54       		.byte	0x54
 1441 0096 44000000 		.4byte	.LVL9
 1442 009a 7E000000 		.4byte	.LVL13
 1443 009e 0100     		.2byte	0x1
 1444 00a0 54       		.byte	0x54
 1445 00a1 00000000 		.4byte	0
 1446 00a5 00000000 		.4byte	0
 1447              	.LLST5:
 1448 00a9 00000000 		.4byte	.LVL14
 1449 00ad 05000000 		.4byte	.LVL15-1
 1450 00b1 0100     		.2byte	0x1
 1451 00b3 50       		.byte	0x50
 1452 00b4 05000000 		.4byte	.LVL15-1
 1453 00b8 08000000 		.4byte	.LFE1
 1454 00bc 0400     		.2byte	0x4
 1455 00be F3       		.byte	0xf3
 1456 00bf 01       		.uleb128 0x1
 1457 00c0 50       		.byte	0x50
 1458 00c1 9F       		.byte	0x9f
 1459 00c2 00000000 		.4byte	0
 1460 00c6 00000000 		.4byte	0
 1461              	.LLST6:
 1462 00ca 00000000 		.4byte	.LVL14
 1463 00ce 05000000 		.4byte	.LVL15-1
 1464 00d2 0100     		.2byte	0x1
 1465 00d4 51       		.byte	0x51
 1466 00d5 05000000 		.4byte	.LVL15-1
 1467 00d9 08000000 		.4byte	.LFE1
 1468 00dd 0400     		.2byte	0x4
 1469 00df F3       		.byte	0xf3
 1470 00e0 01       		.uleb128 0x1
 1471 00e1 51       		.byte	0x51
 1472 00e2 9F       		.byte	0x9f
 1473 00e3 00000000 		.4byte	0
 1474 00e7 00000000 		.4byte	0
 1475              	.LLST7:
 1476 00eb 00000000 		.4byte	.LVL14
 1477 00ef 05000000 		.4byte	.LVL15-1
 1478 00f3 0100     		.2byte	0x1
 1479 00f5 52       		.byte	0x52
 1480 00f6 05000000 		.4byte	.LVL15-1
 1481 00fa 08000000 		.4byte	.LFE1
 1482 00fe 0400     		.2byte	0x4
 1483 0100 F3       		.byte	0xf3
 1484 0101 01       		.uleb128 0x1
 1485 0102 52       		.byte	0x52
 1486 0103 9F       		.byte	0x9f
 1487 0104 00000000 		.4byte	0
 1488 0108 00000000 		.4byte	0
 1489              	.LLST8:
 1490 010c 0E000000 		.4byte	.LVL18
 1491 0110 12000000 		.4byte	.LVL19
ARM GAS  C:\Users\KRISTE~1\AppData\Local\Temp\cchIC4Lg.s 			page 34


 1492 0114 0200     		.2byte	0x2
 1493 0116 30       		.byte	0x30
 1494 0117 9F       		.byte	0x9f
 1495 0118 12000000 		.4byte	.LVL19
 1496 011c 2A000000 		.4byte	.LVL21
 1497 0120 0100     		.2byte	0x1
 1498 0122 54       		.byte	0x54
 1499 0123 2C000000 		.4byte	.LVL22
 1500 0127 70000000 		.4byte	.LVL26
 1501 012b 0100     		.2byte	0x1
 1502 012d 54       		.byte	0x54
 1503 012e 00000000 		.4byte	0
 1504 0132 00000000 		.4byte	0
 1505              	.LLST9:
 1506 0136 12000000 		.4byte	.LVL19
 1507 013a 2A000000 		.4byte	.LVL21
 1508 013e 0B00     		.2byte	0xb
 1509 0140 74       		.byte	0x74
 1510 0141 00       		.sleb128 0
 1511 0142 36       		.byte	0x36
 1512 0143 1E       		.byte	0x1e
 1513 0144 03       		.byte	0x3
 1514 0145 00000000 		.4byte	cfg_memset_list.4992
 1515 0149 22       		.byte	0x22
 1516 014a 9F       		.byte	0x9f
 1517 014b 2A000000 		.4byte	.LVL21
 1518 014f 2C000000 		.4byte	.LVL22
 1519 0153 0B00     		.2byte	0xb
 1520 0155 74       		.byte	0x74
 1521 0156 7F       		.sleb128 -1
 1522 0157 36       		.byte	0x36
 1523 0158 1E       		.byte	0x1e
 1524 0159 03       		.byte	0x3
 1525 015a 00000000 		.4byte	cfg_memset_list.4992
 1526 015e 22       		.byte	0x22
 1527 015f 9F       		.byte	0x9f
 1528 0160 00000000 		.4byte	0
 1529 0164 00000000 		.4byte	0
 1530              		.section	.debug_aranges,"",%progbits
 1531 0000 4C000000 		.4byte	0x4c
 1532 0004 0200     		.2byte	0x2
 1533 0006 00000000 		.4byte	.Ldebug_info0
 1534 000a 04       		.byte	0x4
 1535 000b 00       		.byte	0
 1536 000c 0000     		.2byte	0
 1537 000e 0000     		.2byte	0
 1538 0010 00000000 		.4byte	.LFB3
 1539 0014 02000000 		.4byte	.LFE3-.LFB3
 1540 0018 00000000 		.4byte	.LFB5
 1541 001c 28000000 		.4byte	.LFE5-.LFB5
 1542 0020 00000000 		.4byte	.LFB0
 1543 0024 0C000000 		.4byte	.LFE0-.LFB0
 1544 0028 00000000 		.4byte	.LFB4
 1545 002c 9C000000 		.4byte	.LFE4-.LFB4
 1546 0030 00000000 		.4byte	.LFB1
 1547 0034 08000000 		.4byte	.LFE1-.LFB1
 1548 0038 00000000 		.4byte	.LFB6
ARM GAS  C:\Users\KRISTE~1\AppData\Local\Temp\cchIC4Lg.s 			page 35


 1549 003c 10000000 		.4byte	.LFE6-.LFB6
 1550 0040 00000000 		.4byte	.LFB7
 1551 0044 C8000000 		.4byte	.LFE7-.LFB7
 1552 0048 00000000 		.4byte	0
 1553 004c 00000000 		.4byte	0
 1554              		.section	.debug_ranges,"",%progbits
 1555              	.Ldebug_ranges0:
 1556 0000 00000000 		.4byte	.LFB3
 1557 0004 02000000 		.4byte	.LFE3
 1558 0008 00000000 		.4byte	.LFB5
 1559 000c 28000000 		.4byte	.LFE5
 1560 0010 00000000 		.4byte	.LFB0
 1561 0014 0C000000 		.4byte	.LFE0
 1562 0018 00000000 		.4byte	.LFB4
 1563 001c 9C000000 		.4byte	.LFE4
 1564 0020 00000000 		.4byte	.LFB1
 1565 0024 08000000 		.4byte	.LFE1
 1566 0028 00000000 		.4byte	.LFB6
 1567 002c 10000000 		.4byte	.LFE6
 1568 0030 00000000 		.4byte	.LFB7
 1569 0034 C8000000 		.4byte	.LFE7
 1570 0038 00000000 		.4byte	0
 1571 003c 00000000 		.4byte	0
 1572              		.section	.debug_line,"",%progbits
 1573              	.Ldebug_line0:
 1574 0000 A3010000 		.section	.debug_str,"MS",%progbits,1
 1574      0200D600 
 1574      00000201 
 1574      FB0E0D00 
 1574      01010101 
 1575              	.LASF19:
 1576 0000 72656731 		.ascii	"reg16\000"
 1576      3600
 1577              	.LASF43:
 1578 0006 43794465 		.ascii	"CyDelayCycles\000"
 1578      6C617943 
 1578      79636C65 
 1578      7300
 1579              	.LASF12:
 1580 0014 73697A65 		.ascii	"size_t\000"
 1580      5F7400
 1581              	.LASF20:
 1582 001b 416E616C 		.ascii	"AnalogSetDefault\000"
 1582      6F675365 
 1582      74446566 
 1582      61756C74 
 1582      00
 1583              	.LASF25:
 1584 002c 74696D65 		.ascii	"timeout\000"
 1584      6F757400 
 1585              	.LASF36:
 1586 0034 6366675F 		.ascii	"cfg_memset_list\000"
 1586      6D656D73 
 1586      65745F6C 
 1586      69737400 
 1587              	.LASF23:
 1588 0044 436C6F63 		.ascii	"ClockSetup\000"
ARM GAS  C:\Users\KRISTE~1\AppData\Local\Temp\cchIC4Lg.s 			page 36


 1588      6B536574 
 1588      757000
 1589              	.LASF6:
 1590 004f 73686F72 		.ascii	"short unsigned int\000"
 1590      7420756E 
 1590      7369676E 
 1590      65642069 
 1590      6E7400
 1591              	.LASF26:
 1592 0062 706C6C4C 		.ascii	"pllLock\000"
 1592      6F636B00 
 1593              	.LASF16:
 1594 006a 666C6F61 		.ascii	"float\000"
 1594      7400
 1595              	.LASF42:
 1596 0070 4379436C 		.ascii	"CyClockStartupError\000"
 1596      6F636B53 
 1596      74617274 
 1596      75704572 
 1596      726F7200 
 1597              	.LASF28:
 1598 0084 64657374 		.ascii	"dest\000"
 1598      00
 1599              	.LASF34:
 1600 0089 73697A65 		.ascii	"size\000"
 1600      00
 1601              	.LASF39:
 1602 008e 474E5520 		.ascii	"GNU C11 5.4.1 20160609 (release) [ARM/embedded-5-br"
 1602      43313120 
 1602      352E342E 
 1602      31203230 
 1602      31363036 
 1603 00c1 616E6368 		.ascii	"anch revision 237715] -mcpu=cortex-m3 -mthumb -g -O"
 1603      20726576 
 1603      6973696F 
 1603      6E203233 
 1603      37373135 
 1604 00f4 67202D66 		.ascii	"g -ffunction-sections -ffat-lto-objects\000"
 1604      66756E63 
 1604      74696F6E 
 1604      2D736563 
 1604      74696F6E 
 1605              	.LASF18:
 1606 011c 72656738 		.ascii	"reg8\000"
 1606      00
 1607              	.LASF8:
 1608 0121 6C6F6E67 		.ascii	"long unsigned int\000"
 1608      20756E73 
 1608      69676E65 
 1608      6420696E 
 1608      7400
 1609              	.LASF13:
 1610 0133 75696E74 		.ascii	"uint8\000"
 1610      3800
 1611              	.LASF21:
 1612 0139 43594D45 		.ascii	"CYMEMZERO\000"
 1612      4D5A4552 
ARM GAS  C:\Users\KRISTE~1\AppData\Local\Temp\cchIC4Lg.s 			page 37


 1612      4F00
 1613              	.LASF41:
 1614 0143 433A5C55 		.ascii	"C:\\Users\\Kristella Lieu\\Desktop\\SeniorProject\\"
 1614      73657273 
 1614      5C4B7269 
 1614      7374656C 
 1614      6C61204C 
 1615 0171 4578616D 		.ascii	"Example\\Example.cydsn\000"
 1615      706C655C 
 1615      4578616D 
 1615      706C652E 
 1615      63796473 
 1616              	.LASF31:
 1617 0187 53657441 		.ascii	"SetAnalogRoutingPumps\000"
 1617      6E616C6F 
 1617      67526F75 
 1617      74696E67 
 1617      50756D70 
 1618              	.LASF4:
 1619 019d 756E7369 		.ascii	"unsigned char\000"
 1619      676E6564 
 1619      20636861 
 1619      7200
 1620              	.LASF37:
 1621 01ab 6D656D73 		.ascii	"memset\000"
 1621      657400
 1622              	.LASF17:
 1623 01b2 646F7562 		.ascii	"double\000"
 1623      6C6500
 1624              	.LASF32:
 1625 01b9 63796669 		.ascii	"cyfitter_cfg\000"
 1625      74746572 
 1625      5F636667 
 1625      00
 1626              	.LASF14:
 1627 01c6 75696E74 		.ascii	"uint16\000"
 1627      313600
 1628              	.LASF22:
 1629 01cd 6572726F 		.ascii	"errorCode\000"
 1629      72436F64 
 1629      6500
 1630              	.LASF15:
 1631 01d7 75696E74 		.ascii	"uint32\000"
 1631      333200
 1632              	.LASF0:
 1633 01de 756E7369 		.ascii	"unsigned int\000"
 1633      676E6564 
 1633      20696E74 
 1633      00
 1634              	.LASF33:
 1635 01eb 61646472 		.ascii	"address\000"
 1635      65737300 
 1636              	.LASF9:
 1637 01f3 6C6F6E67 		.ascii	"long long unsigned int\000"
 1637      206C6F6E 
 1637      6720756E 
 1637      7369676E 
ARM GAS  C:\Users\KRISTE~1\AppData\Local\Temp\cchIC4Lg.s 			page 38


 1637      65642069 
 1638              	.LASF35:
 1639 020a 6366675F 		.ascii	"cfg_memset_t\000"
 1639      6D656D73 
 1639      65745F74 
 1639      00
 1640              	.LASF10:
 1641 0217 73697A65 		.ascii	"sizetype\000"
 1641      74797065 
 1641      00
 1642              	.LASF1:
 1643 0220 6C6F6E67 		.ascii	"long long int\000"
 1643      206C6F6E 
 1643      6720696E 
 1643      7400
 1644              	.LASF40:
 1645 022e 47656E65 		.ascii	"Generated_Source\\PSoC5\\cyfitter_cfg.c\000"
 1645      72617465 
 1645      645F536F 
 1645      75726365 
 1645      5C50536F 
 1646              	.LASF38:
 1647 0254 6D656D63 		.ascii	"memcpy\000"
 1647      707900
 1648              	.LASF5:
 1649 025b 73686F72 		.ascii	"short int\000"
 1649      7420696E 
 1649      7400
 1650              	.LASF29:
 1651 0265 656E6162 		.ascii	"enabled\000"
 1651      6C656400 
 1652              	.LASF7:
 1653 026d 6C6F6E67 		.ascii	"long int\000"
 1653      20696E74 
 1653      00
 1654              	.LASF11:
 1655 0276 63686172 		.ascii	"char\000"
 1655      00
 1656              	.LASF2:
 1657 027b 6C6F6E67 		.ascii	"long double\000"
 1657      20646F75 
 1657      626C6500 
 1658              	.LASF24:
 1659 0287 62675F78 		.ascii	"bg_xover_inl_trim\000"
 1659      6F766572 
 1659      5F696E6C 
 1659      5F747269 
 1659      6D00
 1660              	.LASF3:
 1661 0299 7369676E 		.ascii	"signed char\000"
 1661      65642063 
 1661      68617200 
 1662              	.LASF30:
 1663 02a5 72656756 		.ascii	"regValue\000"
 1663      616C7565 
 1663      00
 1664              	.LASF27:
ARM GAS  C:\Users\KRISTE~1\AppData\Local\Temp\cchIC4Lg.s 			page 39


 1665 02ae 4359434F 		.ascii	"CYCONFIGCPY\000"
 1665      4E464947 
 1665      43505900 
 1666              		.ident	"GCC: (GNU Tools for ARM Embedded Processors) 5.4.1 20160609 (release) [ARM/embedded-5-bran
